<html>
<body>
<pre>
<h1>µVision Build Log</h1>
<h2>Tool Versions:</h2>
IDE-Version: µVision V5.18a
Copyright (C) 2016 ARM Ltd and ARM Germany GmbH. All rights reserved.
License Information: asdwda dasdwadasd, waaaawdasa, LIC=S5III-T2J6U-RDGK3-ADKDC-BVKYL-951C4
 
Tool Versions:
Toolchain:       MDK-ARM Professional  Version: 5.18a
Toolchain Path:  C:\Keil_v5\ARM\ARMCC\Bin
C Compiler:      Armcc.exe V5.06 update 1 (build 61)
Assembler:       Armasm.exe V5.06 update 1 (build 61)
Linker/Locator:  ArmLink.exe V5.06 update 1 (build 61)
Library Manager: ArmAr.exe V5.06 update 1 (build 61)
Hex Converter:   FromElf.exe V5.06 update 1 (build 61)
CPU DLL:         SARMCM3.DLL V5.18a
Dialog DLL:      DCM.DLL V1.13.6.0
Target DLL:      STLink\ST-LINKIII-KEIL_SWO.dll V2.0.18.0
Dialog DLL:      TCM.DLL V1.14.8.0
 
<h2>Project:</h2>
D:\Git\micromouse\Micromouse\MDK-ARM\Micromouse.uvprojx
Project File Date:  04/28/2016

<h2>Output:</h2>
*** Using Compiler 'V5.06 update 1 (build 61)', folder: 'C:\Keil_v5\ARM\ARMCC\Bin'
Build target 'Micromouse'
compiling sensor.c...
compiling stm32f4xx_it.c...
../Src/stm32f4xx_it.c(104): warning:  #111-D: statement is unreachable
    HAL_GPIO_EXTI_IRQHandler(GPIO_PIN_2);
../Src/stm32f4xx_it.c(138): warning:  #111-D: statement is unreachable
    HAL_GPIO_EXTI_IRQHandler(GPIO_PIN_15);
../Src/stm32f4xx_it.c(167): warning:  #188-D: enumerated type mixed with another type
  			HAL_GPIO_WritePin(
PIOC, 
_LF_Pin, 1); 
../Src/stm32f4xx_it.c(172): warning:  #188-D: enumerated type mixed with another type
  			HAL_GPIO_WritePin(
PIOC, 
_LF_Pin, 0); 
../Src/stm32f4xx_it.c(173): warning:  #188-D: enumerated type mixed with another type
  			HAL_GPIO_WritePin(
PIOC, 
_RF_Pin, 1); 
../Src/stm32f4xx_it.c(178): warning:  #188-D: enumerated type mixed with another type
  			HAL_GPIO_WritePin(
PIOC, 
_RF_Pin, 0); 
../Src/stm32f4xx_it.c(179): warning:  #188-D: enumerated type mixed with another type
  			HAL_GPIO_WritePin(
PIOA, 
_L_Pin, 1); 
../Src/stm32f4xx_it.c(180): warning:  #188-D: enumerated type mixed with another type
  			HAL_GPIO_WritePin(
PIOC, 
_R_Pin, 1); 
../Src/stm32f4xx_it.c(186): warning:  #188-D: enumerated type mixed with another type
  			HAL_GPIO_WritePin(
PIOA, 
_L_Pin, 0); 
../Src/stm32f4xx_it.c(187): warning:  #188-D: enumerated type mixed with another type
  			HAL_GPIO_WritePin(
PIOC, 
_R_Pin, 0);
../Src/stm32f4xx_it.c: 10 warnings, 0 errors
compiling main.c...
compiling UI.c...
linking...
Program Size: Code=11604 RO-data=448 RW-data=20 ZI-data=1700  
"Micromouse\Micromouse.axf" - 0 Error(s), 10 Warning(s).

<h2>Software Packages used:</h2>

Package Vendor: ARM
                http://www.keil.com/pack/ARM.CMSIS.4.5.0.pack
                ARM::CMSIS:CORE:4.3.0
                CMSIS (Cortex Microcontroller Software Interface Standard)
   * Component: CORE Version: 4.3.0

<h2>Collection of Component include folders:</h2>
  D:\Git\micromouse\Micromouse\MDK-ARM\RTE
  C:\Keil_v5\ARM\PACK\ARM\CMSIS\4.5.0\CMSIS\Include
  C:\Keil_v5\ARM\PACK\Keil\STM32F4xx_DFP\2.7.0\Drivers\CMSIS\Device\ST\STM32F4xx\Include

<h2>Collection of Component Files used:</h2>

   * Component: ARM::CMSIS:CORE:4.3.0
Build Time Elapsed:  00:00:04
</pre>
</body>
</html>
