Component: ARM Compiler 5.06 update 1 (build 61) Tool: armlink [4d35a8]

==============================================================================

Section Cross References

    startup_stm32f405xx.o(RESET) refers to startup_stm32f405xx.o(STACK) for __initial_sp
    startup_stm32f405xx.o(RESET) refers to startup_stm32f405xx.o(.text) for Reset_Handler
    startup_stm32f405xx.o(RESET) refers to stm32f4xx_it.o(i.SysTick_Handler) for SysTick_Handler
    startup_stm32f405xx.o(RESET) refers to stm32f4xx_it.o(i.EXTI0_IRQHandler) for EXTI0_IRQHandler
    startup_stm32f405xx.o(RESET) refers to stm32f4xx_it.o(i.EXTI2_IRQHandler) for EXTI2_IRQHandler
    startup_stm32f405xx.o(RESET) refers to stm32f4xx_it.o(i.USART1_IRQHandler) for USART1_IRQHandler
    startup_stm32f405xx.o(RESET) refers to stm32f4xx_it.o(i.EXTI15_10_IRQHandler) for EXTI15_10_IRQHandler
    startup_stm32f405xx.o(RESET) refers to stm32f4xx_it.o(i.SPI3_IRQHandler) for SPI3_IRQHandler
    startup_stm32f405xx.o(RESET) refers to stm32f4xx_it.o(i.TIM6_DAC_IRQHandler) for TIM6_DAC_IRQHandler
    startup_stm32f405xx.o(RESET) refers to stm32f4xx_it.o(i.DMA2_Stream0_IRQHandler) for DMA2_Stream0_IRQHandler
    startup_stm32f405xx.o(RESET) refers to stm32f4xx_it.o(i.DMA2_Stream2_IRQHandler) for DMA2_Stream2_IRQHandler
    startup_stm32f405xx.o(.text) refers to system_stm32f4xx.o(i.SystemInit) for SystemInit
    startup_stm32f405xx.o(.text) refers to entry.o(.ARM.Collect$$$$00000000) for __main
    stm32f4xx_hal_gpio.o(i.HAL_GPIO_EXTI_IRQHandler) refers to stm32f4xx_hal_gpio.o(i.HAL_GPIO_EXTI_Callback) for HAL_GPIO_EXTI_Callback
    stm32f4xx_hal_adc_ex.o(i.ADC_MultiModeDMAConvCplt) refers to stm32f4xx_hal_adc.o(i.HAL_ADC_ConvCpltCallback) for HAL_ADC_ConvCpltCallback
    stm32f4xx_hal_adc_ex.o(i.ADC_MultiModeDMAError) refers to stm32f4xx_hal_adc.o(i.HAL_ADC_ErrorCallback) for HAL_ADC_ErrorCallback
    stm32f4xx_hal_adc_ex.o(i.ADC_MultiModeDMAHalfConvCplt) refers to stm32f4xx_hal_adc.o(i.HAL_ADC_ConvHalfCpltCallback) for HAL_ADC_ConvHalfCpltCallback
    stm32f4xx_hal_adc_ex.o(i.HAL_ADCEx_InjectedPollForConversion) refers to stm32f4xx_hal.o(i.HAL_GetTick) for HAL_GetTick
    stm32f4xx_hal_adc_ex.o(i.HAL_ADCEx_InjectedStart) refers to system_stm32f4xx.o(.data) for SystemCoreClock
    stm32f4xx_hal_adc_ex.o(i.HAL_ADCEx_InjectedStart_IT) refers to system_stm32f4xx.o(.data) for SystemCoreClock
    stm32f4xx_hal_adc_ex.o(i.HAL_ADCEx_MultiModeStart_DMA) refers to stm32f4xx_hal_dma.o(i.HAL_DMA_Start_IT) for HAL_DMA_Start_IT
    stm32f4xx_hal_adc_ex.o(i.HAL_ADCEx_MultiModeStart_DMA) refers to system_stm32f4xx.o(.data) for SystemCoreClock
    stm32f4xx_hal_adc_ex.o(i.HAL_ADCEx_MultiModeStart_DMA) refers to stm32f4xx_hal_adc_ex.o(i.ADC_MultiModeDMAConvCplt) for ADC_MultiModeDMAConvCplt
    stm32f4xx_hal_adc_ex.o(i.HAL_ADCEx_MultiModeStart_DMA) refers to stm32f4xx_hal_adc_ex.o(i.ADC_MultiModeDMAHalfConvCplt) for ADC_MultiModeDMAHalfConvCplt
    stm32f4xx_hal_adc_ex.o(i.HAL_ADCEx_MultiModeStart_DMA) refers to stm32f4xx_hal_adc_ex.o(i.ADC_MultiModeDMAError) for ADC_MultiModeDMAError
    stm32f4xx_hal_adc_ex.o(i.HAL_ADCEx_MultiModeStop_DMA) refers to stm32f4xx_hal_dma.o(i.HAL_DMA_Abort) for HAL_DMA_Abort
    stm32f4xx_hal_flash_ex.o(i.FLASH_OB_DisableWRP) refers to stm32f4xx_hal_flash.o(i.FLASH_WaitForLastOperation) for FLASH_WaitForLastOperation
    stm32f4xx_hal_flash_ex.o(i.FLASH_OB_EnableWRP) refers to stm32f4xx_hal_flash.o(i.FLASH_WaitForLastOperation) for FLASH_WaitForLastOperation
    stm32f4xx_hal_flash_ex.o(i.FLASH_OB_RDP_LevelConfig) refers to stm32f4xx_hal_flash.o(i.FLASH_WaitForLastOperation) for FLASH_WaitForLastOperation
    stm32f4xx_hal_flash_ex.o(i.FLASH_OB_UserConfig) refers to stm32f4xx_hal_flash.o(i.FLASH_WaitForLastOperation) for FLASH_WaitForLastOperation
    stm32f4xx_hal_flash_ex.o(i.HAL_FLASHEx_Erase) refers to stm32f4xx_hal_flash.o(i.FLASH_WaitForLastOperation) for FLASH_WaitForLastOperation
    stm32f4xx_hal_flash_ex.o(i.HAL_FLASHEx_Erase) refers to stm32f4xx_hal_flash_ex.o(i.FLASH_MassErase) for FLASH_MassErase
    stm32f4xx_hal_flash_ex.o(i.HAL_FLASHEx_Erase) refers to stm32f4xx_hal_flash_ex.o(i.FLASH_Erase_Sector) for FLASH_Erase_Sector
    stm32f4xx_hal_flash_ex.o(i.HAL_FLASHEx_Erase) refers to stm32f4xx_hal_flash_ex.o(i.FLASH_FlushCaches) for FLASH_FlushCaches
    stm32f4xx_hal_flash_ex.o(i.HAL_FLASHEx_Erase) refers to stm32f4xx_hal_flash.o(.bss) for pFlash
    stm32f4xx_hal_flash_ex.o(i.HAL_FLASHEx_Erase_IT) refers to stm32f4xx_hal_flash_ex.o(i.FLASH_Erase_Sector) for FLASH_Erase_Sector
    stm32f4xx_hal_flash_ex.o(i.HAL_FLASHEx_Erase_IT) refers to stm32f4xx_hal_flash_ex.o(i.FLASH_MassErase) for FLASH_MassErase
    stm32f4xx_hal_flash_ex.o(i.HAL_FLASHEx_Erase_IT) refers to stm32f4xx_hal_flash.o(.bss) for pFlash
    stm32f4xx_hal_flash_ex.o(i.HAL_FLASHEx_OBGetConfig) refers to stm32f4xx_hal_flash_ex.o(i.FLASH_OB_GetWRP) for FLASH_OB_GetWRP
[...]
    ../Src/gpio.c                            0x00000000   Number         0  gpio.o ABSOLUTE
    ../Src/main.c                            0x00000000   Number         0  main.o ABSOLUTE
    ../Src/spi.c                             0x00000000   Number         0  spi.o ABSOLUTE
    ../Src/stm32f4xx_hal_msp.c               0x00000000   Number         0  stm32f4xx_hal_msp.o ABSOLUTE
    ../Src/stm32f4xx_it.c                    0x00000000   Number         0  stm32f4xx_it.o ABSOLUTE
    ../Src/tim.c                             0x00000000   Number         0  tim.o ABSOLUTE
    ../Src/usart.c                           0x00000000   Number         0  usart.o ABSOLUTE
    ../clib/microlib/division.c              0x00000000   Number         0  uidiv.o ABSOLUTE
    ../clib/microlib/division.c              0x00000000   Number         0  uldiv.o ABSOLUTE
    ../clib/microlib/init/entry.s            0x00000000   Number         0  entry5.o ABSOLUTE
    ../clib/microlib/init/entry.s            0x00000000   Number         0  entry7b.o ABSOLUTE
    ../clib/microlib/init/entry.s            0x00000000   Number         0  entry2.o ABSOLUTE
    ../clib/microlib/init/entry.s            0x00000000   Number         0  entry8a.o ABSOLUTE
    ../clib/microlib/init/entry.s            0x00000000   Number         0  entry8b.o ABSOLUTE
    ../clib/microlib/init/entry.s            0x00000000   Number         0  entry9a.o ABSOLUTE
    ../clib/microlib/init/entry.s            0x00000000   Number         0  entry7a.o ABSOLUTE
    ../clib/microlib/init/entry.s            0x00000000   Number         0  entry10a.o ABSOLUTE
    ../clib/microlib/init/entry.s            0x00000000   Number         0  entry10b.o ABSOLUTE
    ../clib/microlib/init/entry.s            0x00000000   Number         0  entry11a.o ABSOLUTE
    ../clib/microlib/init/entry.s            0x00000000   Number         0  entry.o ABSOLUTE
    ../clib/microlib/init/entry.s            0x00000000   Number         0  entry9b.o ABSOLUTE
    ../clib/microlib/init/entry.s            0x00000000   Number         0  entry11b.o ABSOLUTE
    ../clib/microlib/longlong.c              0x00000000   Number         0  llshl.o ABSOLUTE
    ../clib/microlib/longlong.c              0x00000000   Number         0  llushr.o ABSOLUTE
    ../clib/microlib/longlong.c              0x00000000   Number         0  llsshr.o ABSOLUTE
    ../clib/microlib/printf/printf.c         0x00000000   Number         0  printf6.o ABSOLUTE
    ../clib/microlib/printf/printf.c         0x00000000   Number         0  printf7.o ABSOLUTE
    ../clib/microlib/printf/printf.c         0x00000000   Number         0  printf5.o ABSOLUTE
    ../clib/microlib/printf/printf.c         0x00000000   Number         0  printf3.o ABSOLUTE
    ../clib/microlib/printf/printf.c         0x00000000   Number         0  printfa.o ABSOLUTE
    ../clib/microlib/printf/printf.c         0x00000000   Number         0  printf1.o ABSOLUTE
    ../clib/microlib/printf/printf.c         0x00000000   Number         0  printf4.o ABSOLUTE
    ../clib/microlib/printf/printf.c         0x00000000   Number         0  printfb.o ABSOLUTE
    ../clib/microlib/printf/printf.c         0x00000000   Number         0  printf8.o ABSOLUTE
    ../clib/microlib/printf/printf.c         0x00000000   Number         0  printf0.o ABSOLUTE
    ../clib/microlib/printf/printf.c         0x00000000   Number         0  printf2.o ABSOLUTE
    ../clib/microlib/printf/stubs.s          0x00000000   Number         0  stubs.o ABSOLUTE
    ../clib/microlib/stdio/streams.c         0x00000000   Number         0  stdout.o ABSOLUTE
    ../clib/microlib/string/strlen.c         0x00000000   Number         0  strlen.o ABSOLUTE
    ../clib/microlib/stubs.s                 0x00000000   Number         0  iusefp.o ABSOLUTE
    ../fplib/microlib/d2f.c                  0x00000000   Number         0  d2f.o ABSOLUTE
    ../fplib/microlib/f2d.c                  0x00000000   Number         0  f2d.o ABSOLUTE
    ../fplib/microlib/fpadd.c                0x00000000   Number         0  dadd.o ABSOLUTE
    ../fplib/microlib/fpdiv.c                0x00000000   Number         0  ddiv.o ABSOLUTE
    ../fplib/microlib/fpepilogue.c           0x00000000   Number         0  fepilogue.o ABSOLUTE
    ../fplib/microlib/fpepilogue.c           0x00000000   Number         0  depilogue.o ABSOLUTE
    ../fplib/microlib/fpfix.c                0x00000000   Number         0  dfixi.o ABSOLUTE
    ../fplib/microlib/fpfix.c                0x00000000   Number         0  dfixul.o ABSOLUTE
    ../fplib/microlib/fpfix.c                0x00000000   Number         0  dfixui.o ABSOLUTE
    ../fplib/microlib/fpflt.c                0x00000000   Number         0  dflti.o ABSOLUTE
    ../fplib/microlib/fpmul.c                0x00000000   Number         0  dmul.o ABSOLUTE
    ..\Drivers\CMSIS\Device\ST\STM32F4xx\Source\Templates\system_stm32f4xx.c 0x00000000   Number         0  system_stm32f4xx.o ABSOLUTE
    ..\Drivers\STM32F4xx_HAL_Driver\Src\stm32f4xx_hal.c 0x00000000   Number         0  stm32f4xx_hal.o ABSOLUTE
    ..\Drivers\STM32F4xx_HAL_Driver\Src\stm32f4xx_hal_adc.c 0x00000000   Number         0  stm32f4xx_hal_adc.o ABSOLUTE
    ..\Drivers\STM32F4xx_HAL_Driver\Src\stm32f4xx_hal_adc_ex.c 0x00000000   Number         0  stm32f4xx_hal_adc_ex.o ABSOLUTE
    ..\Drivers\STM32F4xx_HAL_Driver\Src\stm32f4xx_hal_cortex.c 0x00000000   Number         0  stm32f4xx_hal_cortex.o ABSOLUTE
    ..\Drivers\STM32F4xx_HAL_Driver\Src\stm32f4xx_hal_dma.c 0x00000000   Number         0  stm32f4xx_hal_dma.o ABSOLUTE
    ..\Drivers\STM32F4xx_HAL_Driver\Src\stm32f4xx_hal_dma_ex.c 0x00000000   Number         0  stm32f4xx_hal_dma_ex.o ABSOLUTE
    ..\Drivers\STM32F4xx_HAL_Driver\Src\stm32f4xx_hal_flash.c 0x00000000   Number         0  stm32f4xx_hal_flash.o ABSOLUTE
    ..\Drivers\STM32F4xx_HAL_Driver\Src\stm32f4xx_hal_flash_ex.c 0x00000000   Number         0  stm32f4xx_hal_flash_ex.o ABSOLUTE
    ..\Drivers\STM32F4xx_HAL_Driver\Src\stm32f4xx_hal_flash_ramfunc.c 0x00000000   Number         0  stm32f4xx_hal_flash_ramfunc.o ABSOLUTE
    ..\Drivers\STM32F4xx_HAL_Driver\Src\stm32f4xx_hal_gpio.c 0x00000000   Number         0  stm32f4xx_hal_gpio.o ABSOLUTE
    ..\Drivers\STM32F4xx_HAL_Driver\Src\stm32f4xx_hal_pwr.c 0x00000000   Number         0  stm32f4xx_hal_pwr.o ABSOLUTE
    ..\Drivers\STM32F4xx_HAL_Driver\Src\stm32f4xx_hal_pwr_ex.c 0x00000000   Number         0  stm32f4xx_hal_pwr_ex.o ABSOLUTE
    ..\Drivers\STM32F4xx_HAL_Driver\Src\stm32f4xx_hal_rcc.c 0x00000000   Number         0  stm32f4xx_hal_rcc.o ABSOLUTE
    ..\Drivers\STM32F4xx_HAL_Driver\Src\stm32f4xx_hal_rcc_ex.c 0x00000000   Number         0  stm32f4xx_hal_rcc_ex.o ABSOLUTE
    ..\Drivers\STM32F4xx_HAL_Driver\Src\stm32f4xx_hal_spi.c 0x00000000   Number         0  stm32f4xx_hal_spi.o ABSOLUTE
    ..\Drivers\STM32F4xx_HAL_Driver\Src\stm32f4xx_hal_tim.c 0x00000000   Number         0  stm32f4xx_hal_tim.o ABSOLUTE
    ..\Drivers\STM32F4xx_HAL_Driver\Src\stm32f4xx_hal_tim_ex.c 0x00000000   Number         0  stm32f4xx_hal_tim_ex.o ABSOLUTE
    ..\Drivers\STM32F4xx_HAL_Driver\Src\stm32f4xx_hal_uart.c 0x00000000   Number         0  stm32f4xx_hal_uart.o ABSOLUTE
    ..\Src\UI.c                              0x00000000   Number         0  ui.o ABSOLUTE
    ..\Src\adc.c                             0x00000000   Number         0  adc.o ABSOLUTE
    ..\Src\dma.c                             0x00000000   Number         0  dma.o ABSOLUTE
    ..\Src\fxas21002c.c                      0x00000000   Number         0  fxas21002c.o ABSOLUTE
    ..\Src\gpio.c                            0x00000000   Number         0  gpio.o ABSOLUTE
    ..\Src\gpio_r.c                          0x00000000   Number         0  gpio_r.o ABSOLUTE
    ..\Src\main.c                            0x00000000   Number         0  main.o ABSOLUTE
    ..\Src\motor.c                           0x00000000   Number         0  motor.o ABSOLUTE
    ..\Src\sensor.c                          0x00000000   Number         0  sensor.o ABSOLUTE
    ..\Src\spi.c                             0x00000000   Number         0  spi.o ABSOLUTE
    ..\Src\stm32f4xx_hal_msp.c               0x00000000   Number         0  stm32f4xx_hal_msp.o ABSOLUTE
    ..\Src\stm32f4xx_it.c                    0x00000000   Number         0  stm32f4xx_it.o ABSOLUTE
    ..\Src\tim.c                             0x00000000   Number         0  tim.o ABSOLUTE
    ..\Src\usart.c                           0x00000000   Number         0  usart.o ABSOLUTE
    ..\\Src\\UI.c                            0x00000000   Number         0  ui.o ABSOLUTE
    ..\\Src\\fxas21002c.c                    0x00000000   Number         0  fxas21002c.o ABSOLUTE
    ..\\Src\\gpio_r.c                        0x00000000   Number         0  gpio_r.o ABSOLUTE
    ..\\Src\\motor.c                         0x00000000   Number         0  motor.o ABSOLUTE
    ..\\Src\\sensor.c                        0x00000000   Number         0  sensor.o ABSOLUTE
    cdrcmple.s                               0x00000000   Number         0  cdrcmple.o ABSOLUTE
    dc.s                                     0x00000000   Number         0  dc.o ABSOLUTE
    handlers.s                               0x00000000   Number         0  handlers.o ABSOLUTE
    init.s                                   0x00000000   Number         0  init.o ABSOLUTE
    startup_stm32f405xx.s                    0x00000000   Number         0  startup_stm32f405xx.o ABSOLUTE
    RESET                                    0x08000000   Section      392  startup_stm32f405xx.o(RESET)
    .ARM.Collect$$$$00000000                 0x08000188   Section        0  entry.o(.ARM.Collect$$$$00000000)
    .ARM.Collect$$$$00000001                 0x08000188   Section        4  entry2.o(.ARM.Collect$$$$00000001)
    .ARM.Collect$$$$00000004                 0x0800018c   Section        4  entry5.o(.ARM.Collect$$$$00000004)
    .ARM.Collect$$$$00000008                 0x08000190   Section        0  entry7b.o(.ARM.Collect$$$$00000008)
    .ARM.Collect$$$$0000000A                 0x08000190   Section        0  entry8b.o(.ARM.Collect$$$$0000000A)
    .ARM.Collect$$$$0000000B                 0x08000190   Section        8  entry9a.o(.ARM.Collect$$$$0000000B)
    .ARM.Collect$$$$0000000D                 0x08000198   Section        0  entry10a.o(.ARM.Collect$$$$0000000D)
    .ARM.Collect$$$$0000000F                 0x08000198   Section        0  entry11a.o(.ARM.Collect$$$$0000000F)
    .ARM.Collect$$$$00002712                 0x08000198   Section        4  entry2.o(.ARM.Collect$$$$00002712)
    __lit__00000000                          0x08000198   Data           4  entry2.o(.ARM.Collect$$$$00002712)
    .text                                    0x0800019c   Section       36  startup_stm32f405xx.o(.text)
    $v0                                      0x0800019c   Number         0  startup_stm32f405xx.o(.text)
    .text                                    0x080001c0   Section        0  dadd.o(.text)
    .text                                    0x0800030e   Section        0  dmul.o(.text)
    .text                                    0x080003f2   Section        0  ddiv.o(.text)
    .text                                    0x080004d0   Section        0  dflti.o(.text)
    .text                                    0x080004f2   Section        0  dfixi.o(.text)
    .text                                    0x08000530   Section        0  uidiv.o(.text)
    .text                                    0x0800055c   Section        0  llshl.o(.text)
    .text                                    0x0800057a   Section        0  llushr.o(.text)
    .text                                    0x0800059a   Section        0  llsshr.o(.text)
    .text                                    0x080005be   Section        0  iusefp.o(.text)
    .text                                    0x080005be   Section        0  depilogue.o(.text)
    .text                                    0x08000678   Section       36  init.o(.text)
    i.ADC_DMAConvCplt                        0x0800069c   Section        0  stm32f4xx_hal_adc.o(i.ADC_DMAConvCplt)
    ADC_DMAConvCplt                          0x0800069d   Thumb Code    98  stm32f4xx_hal_adc.o(i.ADC_DMAConvCplt)
    i.ADC_DMAError                           0x080006fe   Section        0  stm32f4xx_hal_adc.o(i.ADC_DMAError)
    ADC_DMAError                             0x080006ff   Thumb Code    22  stm32f4xx_hal_adc.o(i.ADC_DMAError)
    i.ADC_DMAHalfConvCplt                    0x08000714   Section        0  stm32f4xx_hal_adc.o(i.ADC_DMAHalfConvCplt)
    ADC_DMAHalfConvCplt                      0x08000715   Thumb Code    10  stm32f4xx_hal_adc.o(i.ADC_DMAHalfConvCplt)
    i.ADC_Init                               0x08000720   Section        0  stm32f4xx_hal_adc.o(i.ADC_Init)
    ADC_Init                                 0x08000721   Thumb Code   308  stm32f4xx_hal_adc.o(i.ADC_Init)
    i.ADCread2Channel                        0x08000858   Section        0  sensor.o(i.ADCread2Channel)
    i.ADCreadAmbient                         0x08000880   Section        0  sensor.o(i.ADCreadAmbient)
    i.ADCreadChannel                         0x080008b8   Section        0  sensor.o(i.ADCreadChannel)
    i.DMA2_Stream0_IRQHandler                0x080008d4   Section        0  stm32f4xx_it.o(i.DMA2_Stream0_IRQHandler)
    i.DMA2_Stream2_IRQHandler                0x080008e0   Section        0  stm32f4xx_it.o(i.DMA2_Stream2_IRQHandler)
    i.DMA_CalcBaseAndBitshift                0x080008ec   Section        0  stm32f4xx_hal_dma.o(i.DMA_CalcBaseAndBitshift)
    DMA_CalcBaseAndBitshift                  0x080008ed   Thumb Code    38  stm32f4xx_hal_dma.o(i.DMA_CalcBaseAndBitshift)
    i.DMA_SetConfig                          0x08000918   Section        0  stm32f4xx_hal_dma.o(i.DMA_SetConfig)
    DMA_SetConfig                            0x08000919   Thumb Code    42  stm32f4xx_hal_dma.o(i.DMA_SetConfig)
    i.EXTI0_IRQHandler                       0x08000942   Section        0  stm32f4xx_it.o(i.EXTI0_IRQHandler)
    i.EXTI15_10_IRQHandler                   0x08000948   Section        0  stm32f4xx_it.o(i.EXTI15_10_IRQHandler)
    i.EXTI2_IRQHandler                       0x080009bc   Section        0  stm32f4xx_it.o(i.EXTI2_IRQHandler)
    i.Go                                     0x080009ec   Section        0  motor.o(i.Go)
    i.GoA                                    0x08000a08   Section        0  motor.o(i.GoA)
    i.GyroCalibrate                          0x08000aa8   Section        0  fxas21002c.o(i.GyroCalibrate)
    i.GyroInit                               0x08000adc   Section        0  fxas21002c.o(i.GyroInit)
    i.GyroReadData                           0x08000b28   Section        0  fxas21002c.o(i.GyroReadData)
    i.HAL_ADCEx_InjectedConfigChannel        0x08000b70   Section        0  stm32f4xx_hal_adc_ex.o(i.HAL_ADCEx_InjectedConfigChannel)
    i.HAL_ADC_ConfigChannel                  0x08000d48   Section        0  stm32f4xx_hal_adc.o(i.HAL_ADC_ConfigChannel)
    i.HAL_ADC_ConvCpltCallback               0x08000ea0   Section        0  stm32f4xx_hal_adc.o(i.HAL_ADC_ConvCpltCallback)
    i.HAL_ADC_ConvHalfCpltCallback           0x08000ea2   Section        0  stm32f4xx_hal_adc.o(i.HAL_ADC_ConvHalfCpltCallback)
    i.HAL_ADC_ErrorCallback                  0x08000ea4   Section        0  stm32f4xx_hal_adc.o(i.HAL_ADC_ErrorCallback)
    i.HAL_ADC_GetValue                       0x08000ea6   Section        0  stm32f4xx_hal_adc.o(i.HAL_ADC_GetValue)
    i.HAL_ADC_Init                           0x08000eac   Section        0  stm32f4xx_hal_adc.o(i.HAL_ADC_Init)
    i.HAL_ADC_MspInit                        0x08000f00   Section        0  adc.o(i.HAL_ADC_MspInit)
    i.HAL_ADC_Start                          0x08000fa0   Section        0  stm32f4xx_hal_adc.o(i.HAL_ADC_Start)
    i.HAL_ADC_Start_DMA                      0x08001074   Section        0  stm32f4xx_hal_adc.o(i.HAL_ADC_Start_DMA)
    i.HAL_DMA_IRQHandler                     0x08001190   Section        0  stm32f4xx_hal_dma.o(i.HAL_DMA_IRQHandler)
    i.HAL_DMA_Init                           0x08001350   Section        0  stm32f4xx_hal_dma.o(i.HAL_DMA_Init)
    i.HAL_DMA_Start_IT                       0x080013cc   Section        0  stm32f4xx_hal_dma.o(i.HAL_DMA_Start_IT)
    i.HAL_Delay                              0x0800141a   Section        0  stm32f4xx_hal.o(i.HAL_Delay)
    i.HAL_GPIO_EXTI_Callback                 0x08001430   Section        0  stm32f4xx_hal_gpio.o(i.HAL_GPIO_EXTI_Callback)
    i.HAL_GPIO_EXTI_IRQHandler               0x08001434   Section        0  stm32f4xx_hal_gpio.o(i.HAL_GPIO_EXTI_IRQHandler)
    i.HAL_GPIO_Init                          0x0800144c   Section        0  stm32f4xx_hal_gpio.o(i.HAL_GPIO_Init)
    i.HAL_GPIO_WritePin                      0x0800161c   Section        0  stm32f4xx_hal_gpio.o(i.HAL_GPIO_WritePin)
    i.HAL_GetTick                            0x0800162c   Section        0  stm32f4xx_hal.o(i.HAL_GetTick)
    i.HAL_IncTick                            0x08001638   Section        0  stm32f4xx_hal.o(i.HAL_IncTick)
    i.HAL_Init                               0x08001648   Section        0  stm32f4xx_hal.o(i.HAL_Init)
    i.HAL_InitTick                           0x0800167c   Section        0  stm32f4xx_hal.o(i.HAL_InitTick)
    i.HAL_MspInit                            0x0800169e   Section        0  stm32f4xx_hal_msp.o(i.HAL_MspInit)
    i.HAL_NVIC_EnableIRQ                     0x080016e2   Section        0  stm32f4xx_hal_cortex.o(i.HAL_NVIC_EnableIRQ)
    i.HAL_NVIC_SetPriority                   0x080016f8   Section        0  stm32f4xx_hal_cortex.o(i.HAL_NVIC_SetPriority)
    i.HAL_NVIC_SetPriorityGrouping           0x08001738   Section        0  stm32f4xx_hal_cortex.o(i.HAL_NVIC_SetPriorityGrouping)
    i.HAL_RCC_ClockConfig                    0x0800175c   Section        0  stm32f4xx_hal_rcc.o(i.HAL_RCC_ClockConfig)
    i.HAL_RCC_GetHCLKFreq                    0x080018cc   Section        0  stm32f4xx_hal_rcc.o(i.HAL_RCC_GetHCLKFreq)
    i.HAL_RCC_GetPCLK1Freq                   0x08001900   Section        0  stm32f4xx_hal_rcc.o(i.HAL_RCC_GetPCLK1Freq)
    i.HAL_RCC_GetPCLK2Freq                   0x0800192c   Section        0  stm32f4xx_hal_rcc.o(i.HAL_RCC_GetPCLK2Freq)
    i.HAL_RCC_GetSysClockFreq                0x08001958   Section        0  stm32f4xx_hal_rcc.o(i.HAL_RCC_GetSysClockFreq)
    i.HAL_RCC_OscConfig                      0x080019d8   Section        0  stm32f4xx_hal_rcc.o(i.HAL_RCC_OscConfig)
    i.HAL_SPI_ErrorCallback                  0x08001cec   Section        0  stm32f4xx_hal_spi.o(i.HAL_SPI_ErrorCallback)
    i.HAL_SPI_IRQHandler                     0x08001cee   Section        0  stm32f4xx_hal_spi.o(i.HAL_SPI_IRQHandler)
    i.HAL_SPI_Init                           0x08001d82   Section        0  stm32f4xx_hal_spi.o(i.HAL_SPI_Init)
    i.HAL_SPI_MspInit                        0x08001e14   Section        0  spi.o(i.HAL_SPI_MspInit)
    i.HAL_SPI_RxCpltCallback                 0x08001e70   Section        0  stm32f4xx_hal_spi.o(i.HAL_SPI_RxCpltCallback)
    i.HAL_SPI_TransmitReceive_IT             0x08001e74   Section        0  stm32f4xx_hal_spi.o(i.HAL_SPI_TransmitReceive_IT)
    i.HAL_SPI_TxRxCpltCallback               0x08001f3c   Section        0  stm32f4xx_hal_spi.o(i.HAL_SPI_TxRxCpltCallback)
    i.HAL_SYSTICK_CLKSourceConfig            0x08001f3e   Section        0  stm32f4xx_hal_cortex.o(i.HAL_SYSTICK_CLKSourceConfig)
    i.HAL_SYSTICK_Callback                   0x08001f5a   Section        0  stm32f4xx_hal_cortex.o(i.HAL_SYSTICK_Callback)
    i.HAL_SYSTICK_Config                     0x08001f5c   Section        0  stm32f4xx_hal_cortex.o(i.HAL_SYSTICK_Config)
    i.HAL_SYSTICK_IRQHandler                 0x08001f84   Section        0  stm32f4xx_hal_cortex.o(i.HAL_SYSTICK_IRQHandler)
    i.HAL_TIMEx_BreakCallback                0x08001f8c   Section        0  stm32f4xx_hal_tim_ex.o(i.HAL_TIMEx_BreakCallback)
    i.HAL_TIMEx_CommutationCallback          0x08001f8e   Section        0  stm32f4xx_hal_tim_ex.o(i.HAL_TIMEx_CommutationCallback)
    i.HAL_TIMEx_MasterConfigSynchronization  0x08001f90   Section        0  stm32f4xx_hal_tim_ex.o(i.HAL_TIMEx_MasterConfigSynchronization)
    i.HAL_TIM_Base_Init                      0x08001fe0   Section        0  stm32f4xx_hal_tim.o(i.HAL_TIM_Base_Init)
    i.HAL_TIM_Base_MspInit                   0x08002018   Section        0  tim.o(i.HAL_TIM_Base_MspInit)
    i.HAL_TIM_Encoder_Init                   0x08002054   Section        0  stm32f4xx_hal_tim.o(i.HAL_TIM_Encoder_Init)
    i.HAL_TIM_Encoder_MspInit                0x080020f8   Section        0  tim.o(i.HAL_TIM_Encoder_MspInit)
    i.HAL_TIM_Encoder_Start                  0x08002170   Section        0  stm32f4xx_hal_tim.o(i.HAL_TIM_Encoder_Start)
    i.HAL_TIM_IC_CaptureCallback             0x080021b2   Section        0  stm32f4xx_hal_tim.o(i.HAL_TIM_IC_CaptureCallback)
    i.HAL_TIM_IRQHandler                     0x080021b4   Section        0  stm32f4xx_hal_tim.o(i.HAL_TIM_IRQHandler)
    i.HAL_TIM_MspPostInit                    0x08002324   Section        0  tim.o(i.HAL_TIM_MspPostInit)
    i.HAL_TIM_OC_DelayElapsedCallback        0x08002358   Section        0  stm32f4xx_hal_tim.o(i.HAL_TIM_OC_DelayElapsedCallback)
    i.HAL_TIM_PWM_ConfigChannel              0x0800235a   Section        0  stm32f4xx_hal_tim.o(i.HAL_TIM_PWM_ConfigChannel)
    i.HAL_TIM_PWM_Init                       0x08002434   Section        0  stm32f4xx_hal_tim.o(i.HAL_TIM_PWM_Init)
    i.HAL_TIM_PWM_MspInit                    0x0800246c   Section        0  tim.o(i.HAL_TIM_PWM_MspInit)
    i.HAL_TIM_PWM_PulseFinishedCallback      0x08002494   Section        0  stm32f4xx_hal_tim.o(i.HAL_TIM_PWM_PulseFinishedCallback)
    i.HAL_TIM_PWM_Start                      0x08002498   Section        0  stm32f4xx_hal_tim.o(i.HAL_TIM_PWM_Start)
    i.HAL_TIM_PeriodElapsedCallback          0x080024d0   Section        0  stm32f4xx_hal_tim.o(i.HAL_TIM_PeriodElapsedCallback)
    i.HAL_TIM_TriggerCallback                0x080024d2   Section        0  stm32f4xx_hal_tim.o(i.HAL_TIM_TriggerCallback)
    i.HAL_UART_ErrorCallback                 0x080024d4   Section        0  stm32f4xx_hal_uart.o(i.HAL_UART_ErrorCallback)
    i.HAL_UART_IRQHandler                    0x080024d6   Section        0  stm32f4xx_hal_uart.o(i.HAL_UART_IRQHandler)
    i.HAL_UART_Init                          0x080025b4   Section        0  stm32f4xx_hal_uart.o(i.HAL_UART_Init)
    i.HAL_UART_MspInit                       0x08002618   Section        0  usart.o(i.HAL_UART_MspInit)
    i.HAL_UART_RxCpltCallback                0x080026ac   Section        0  main.o(i.HAL_UART_RxCpltCallback)
    i.HAL_UART_Transmit                      0x080026c8   Section        0  stm32f4xx_hal_uart.o(i.HAL_UART_Transmit)
    i.HAL_UART_TxCpltCallback                0x0800277c   Section        0  stm32f4xx_hal_uart.o(i.HAL_UART_TxCpltCallback)
    i.MX_ADC1_Init                           0x08002780   Section        0  adc.o(i.MX_ADC1_Init)
    i.MX_DMA_Init                            0x08002810   Section        0  dma.o(i.MX_DMA_Init)
    i.MX_GPIO_Init                           0x0800284c   Section        0  gpio.o(i.MX_GPIO_Init)
    i.MX_SPI3_Init                           0x08002980   Section        0  spi.o(i.MX_SPI3_Init)
    i.MX_TIM12_Init                          0x080029b8   Section        0  tim.o(i.MX_TIM12_Init)
    i.MX_TIM3_Init                           0x08002a08   Section        0  tim.o(i.MX_TIM3_Init)
    i.MX_TIM4_Init                           0x08002a58   Section        0  tim.o(i.MX_TIM4_Init)
    i.MX_TIM6_Init                           0x08002aa4   Section        0  tim.o(i.MX_TIM6_Init)
    i.MX_USART1_UART_Init                    0x08002ad4   Section        0  usart.o(i.MX_USART1_UART_Init)
    i.MotorDriver                            0x08002afc   Section        0  motor.o(i.MotorDriver)
    i.MotorEnd                               0x08002c8c   Section        0  motor.o(i.MotorEnd)
    i.MotorFillStruct                        0x08002cc0   Section        0  motor.o(i.MotorFillStruct)
    i.MotorFloat                             0x08002dc4   Section        0  motor.o(i.MotorFloat)
    i.MotorInit                              0x08002e14   Section        0  motor.o(i.MotorInit)
    i.MotorSetPWM                            0x08002e94   Section        0  motor.o(i.MotorSetPWM)
    i.MotorSetPWMRaw                         0x08002f04   Section        0  motor.o(i.MotorSetPWMRaw)
    i.MotorStop                              0x08002f6c   Section        0  motor.o(i.MotorStop)
    i.MotorTruncVel                          0x08002fbc   Section        0  motor.o(i.MotorTruncVel)
    i.MotorUpdate                            0x08002fd8   Section        0  motor.o(i.MotorUpdate)
    i.NVIC_ClearPendingIRQ                   0x08003048   Section        0  stm32f4xx_it.o(i.NVIC_ClearPendingIRQ)
    NVIC_ClearPendingIRQ                     0x08003049   Thumb Code    22  stm32f4xx_it.o(i.NVIC_ClearPendingIRQ)
    i.NVIC_SetPriority                       0x0800305e   Section        0  stm32f4xx_hal_cortex.o(i.NVIC_SetPriority)
    NVIC_SetPriority                         0x0800305f   Thumb Code    32  stm32f4xx_hal_cortex.o(i.NVIC_SetPriority)
    i.SPI3_IRQHandler                        0x08003080   Section        0  stm32f4xx_it.o(i.SPI3_IRQHandler)
    i.SPI_2linesRxISR_16BIT                  0x0800308c   Section        0  stm32f4xx_hal_spi.o(i.SPI_2linesRxISR_16BIT)
    SPI_2linesRxISR_16BIT                    0x0800308d   Thumb Code    60  stm32f4xx_hal_spi.o(i.SPI_2linesRxISR_16BIT)
    i.SPI_2linesRxISR_16BITCRC               0x080030cc   Section        0  stm32f4xx_hal_spi.o(i.SPI_2linesRxISR_16BITCRC)
    SPI_2linesRxISR_16BITCRC                 0x080030cd   Thumb Code    30  stm32f4xx_hal_spi.o(i.SPI_2linesRxISR_16BITCRC)
    i.SPI_2linesRxISR_8BIT                   0x080030ec   Section        0  stm32f4xx_hal_spi.o(i.SPI_2linesRxISR_8BIT)
    SPI_2linesRxISR_8BIT                     0x080030ed   Thumb Code    58  stm32f4xx_hal_spi.o(i.SPI_2linesRxISR_8BIT)
    i.SPI_2linesRxISR_8BITCRC                0x0800312c   Section        0  stm32f4xx_hal_spi.o(i.SPI_2linesRxISR_8BITCRC)
    SPI_2linesRxISR_8BITCRC                  0x0800312d   Thumb Code    40  stm32f4xx_hal_spi.o(i.SPI_2linesRxISR_8BITCRC)
    i.SPI_2linesTxISR_16BIT                  0x08003154   Section        0  stm32f4xx_hal_spi.o(i.SPI_2linesTxISR_16BIT)
    SPI_2linesTxISR_16BIT                    0x08003155   Thumb Code    66  stm32f4xx_hal_spi.o(i.SPI_2linesTxISR_16BIT)
    i.SPI_2linesTxISR_8BIT                   0x08003196   Section        0  stm32f4xx_hal_spi.o(i.SPI_2linesTxISR_8BIT)
    SPI_2linesTxISR_8BIT                     0x08003197   Thumb Code    64  stm32f4xx_hal_spi.o(i.SPI_2linesTxISR_8BIT)
    i.SPI_CheckFlag_BSY                      0x080031d6   Section        0  stm32f4xx_hal_spi.o(i.SPI_CheckFlag_BSY)
    SPI_CheckFlag_BSY                        0x080031d7   Thumb Code    36  stm32f4xx_hal_spi.o(i.SPI_CheckFlag_BSY)
    i.SPI_CloseRxTx_ISR                      0x080031fa   Section        0  stm32f4xx_hal_spi.o(i.SPI_CloseRxTx_ISR)
    SPI_CloseRxTx_ISR                        0x080031fb   Thumb Code   126  stm32f4xx_hal_spi.o(i.SPI_CloseRxTx_ISR)
    i.SPI_WaitFlagStateUntilTimeout          0x08003278   Section        0  stm32f4xx_hal_spi.o(i.SPI_WaitFlagStateUntilTimeout)
    SPI_WaitFlagStateUntilTimeout            0x08003279   Thumb Code   134  stm32f4xx_hal_spi.o(i.SPI_WaitFlagStateUntilTimeout)
    i.SpiRead                                0x08003300   Section        0  fxas21002c.o(i.SpiRead)
    i.SpiWrite                               0x0800338c   Section        0  fxas21002c.o(i.SpiWrite)
    i.SysTick_Handler                        0x080033e8   Section        0  stm32f4xx_it.o(i.SysTick_Handler)
    i.SystemClock_Config                     0x080033f8   Section        0  main.o(i.SystemClock_Config)
    i.SystemInit                             0x08003488   Section        0  system_stm32f4xx.o(i.SystemInit)
    i.TIM6_DAC_IRQHandler                    0x080034dc   Section        0  stm32f4xx_it.o(i.TIM6_DAC_IRQHandler)
    i.TIM_Base_SetConfig                     0x080035cc   Section        0  stm32f4xx_hal_tim.o(i.TIM_Base_SetConfig)
    i.TIM_CCxChannelCmd                      0x08003690   Section        0  stm32f4xx_hal_tim.o(i.TIM_CCxChannelCmd)
    i.TIM_OC1_SetConfig                      0x080036a8   Section        0  stm32f4xx_hal_tim.o(i.TIM_OC1_SetConfig)
    TIM_OC1_SetConfig                        0x080036a9   Thumb Code    88  stm32f4xx_hal_tim.o(i.TIM_OC1_SetConfig)
    i.TIM_OC2_SetConfig                      0x08003708   Section        0  stm32f4xx_hal_tim.o(i.TIM_OC2_SetConfig)
    i.TIM_OC3_SetConfig                      0x08003774   Section        0  stm32f4xx_hal_tim.o(i.TIM_OC3_SetConfig)
    TIM_OC3_SetConfig                        0x08003775   Thumb Code    96  stm32f4xx_hal_tim.o(i.TIM_OC3_SetConfig)
    i.TIM_OC4_SetConfig                      0x080037dc   Section        0  stm32f4xx_hal_tim.o(i.TIM_OC4_SetConfig)
    TIM_OC4_SetConfig                        0x080037dd   Thumb Code    74  stm32f4xx_hal_tim.o(i.TIM_OC4_SetConfig)
    i.UART_EndTransmit_IT                    0x08003830   Section        0  stm32f4xx_hal_uart.o(i.UART_EndTransmit_IT)
    UART_EndTransmit_IT                      0x08003831   Thumb Code    26  stm32f4xx_hal_uart.o(i.UART_EndTransmit_IT)
    i.UART_Receive_IT                        0x0800384a   Section        0  stm32f4xx_hal_uart.o(i.UART_Receive_IT)
    UART_Receive_IT                          0x0800384b   Thumb Code   156  stm32f4xx_hal_uart.o(i.UART_Receive_IT)
    i.UART_SetConfig                         0x080038e8   Section        0  stm32f4xx_hal_uart.o(i.UART_SetConfig)
    UART_SetConfig                           0x080038e9   Thumb Code   780  stm32f4xx_hal_uart.o(i.UART_SetConfig)
    i.UART_Transmit_IT                       0x08003bfc   Section        0  stm32f4xx_hal_uart.o(i.UART_Transmit_IT)
    UART_Transmit_IT                         0x08003bfd   Thumb Code   102  stm32f4xx_hal_uart.o(i.UART_Transmit_IT)
    i.UART_WaitOnFlagUntilTimeout            0x08003c62   Section        0  stm32f4xx_hal_uart.o(i.UART_WaitOnFlagUntilTimeout)
    UART_WaitOnFlagUntilTimeout              0x08003c63   Thumb Code   206  stm32f4xx_hal_uart.o(i.UART_WaitOnFlagUntilTimeout)
    i.UI_Init                                0x08003d30   Section        0  ui.o(i.UI_Init)
    i.UI_InitBeep                            0x08003d44   Section        0  ui.o(i.UI_InitBeep)
    i.UI_InitLeds                            0x08003dc0   Section        0  ui.o(i.UI_InitLeds)
    i.UI_LedOff                              0x08003dc4   Section        0  ui.o(i.UI_LedOff)
    i.USART1_IRQHandler                      0x08003dfc   Section        0  stm32f4xx_it.o(i.USART1_IRQHandler)
    i.__0printf$1                            0x08003e08   Section        0  printf1.o(i.__0printf$1)
    i.__fputc_                               0x08003e28   Section        0  ui.o(i.__fputc_)
    __fputc_                                 0x08003e29   Thumb Code    34  ui.o(i.__fputc_)
    i.__scatterload_copy                     0x08003e4a   Section       14  handlers.o(i.__scatterload_copy)
    i.__scatterload_null                     0x08003e58   Section        2  handlers.o(i.__scatterload_null)
    i.__scatterload_zeroinit                 0x08003e5a   Section       14  handlers.o(i.__scatterload_zeroinit)
    i.__vfprintf_                            0x08003e68   Section        0  ui.o(i.__vfprintf_)
    __vfprintf_                              0x08003e69   Thumb Code   144  ui.o(i.__vfprintf_)
    i._printf_core                           0x08003ef8   Section        0  printf1.o(i._printf_core)
    _printf_core                             0x08003ef9   Thumb Code   336  printf1.o(i._printf_core)
    i.ctz                                    0x0800404c   Section        0  gpio_r.o(i.ctz)
    i.fputc                                  0x08004060   Section        0  ui.o(i.fputc)
    i.getEncL                                0x08004078   Section        0  motor.o(i.getEncL)
    i.getEncR                                0x08004084   Section        0  motor.o(i.getEncR)
    i.gpio_pin_cfg                           0x08004090   Section        0  gpio_r.o(i.gpio_pin_cfg)
    i.itoa                                   0x0800410a   Section        0  ui.o(i.itoa)
    i.main                                   0x08004156   Section        0  main.o(i.main)
    i.mmToTicks                              0x080041cc   Section        0  motor.o(i.mmToTicks)
    i.printf_                                0x080041f4   Section        0  ui.o(i.printf_)
    i.sgn                                    0x0800420c   Section        0  motor.o(i.sgn)
    i.strrev                                 0x0800421c   Section        0  ui.o(i.strrev)
    i.usart_put_char                         0x08004234   Section        0  ui.o(i.usart_put_char)
    .constdata                               0x08004248   Section       16  stm32f4xx_hal_rcc.o(.constdata)
    .constdata                               0x08004258   Section        8  stm32f4xx_hal_dma.o(.constdata)
    flagBitshiftOffset                       0x08004258   Data           8  stm32f4xx_hal_dma.o(.constdata)
    .data                                    0x20000000   Section        4  stm32f4xx_hal.o(.data)
    .data                                    0x20000004   Section        1  stm32f4xx_it.o(.data)
    .data                                    0x20000005   Section        1  main.o(.data)
    .data                                    0x20000008   Section        4  sensor.o(.data)
    .data                                    0x2000000c   Section       24  fxas21002c.o(.data)
    .data                                    0x20000024   Section        8  ui.o(.data)
    .data                                    0x2000002c   Section        4  motor.o(.data)
    i                                        0x2000002c   Data           4  motor.o(.data)
    .data                                    0x20000030   Section        4  system_stm32f4xx.o(.data)
    .data                                    0x20000034   Section        4  stdout.o(.data)
    .bss                                     0x20000038   Section      240  tim.o(.bss)
    .bss                                     0x20000128   Section       88  spi.o(.bss)
    .bss                                     0x20000180   Section      152  usart.o(.bss)
    .bss                                     0x20000218   Section      160  adc.o(.bss)
    .bss                                     0x200002b8   Section       36  sensor.o(.bss)
    .bss                                     0x200002dc   Section      104  motor.o(.bss)
    STACK                                    0x20000348   Section     1024  startup_stm32f405xx.o(STACK)

    Global Symbols

    Symbol Name                              Value     Ov Type        Size  Object(Section)

    BuildAttributes$$THM_ISAv4$E$P$D$K$B$S$7EM$VFPi3$EXTD16$VFPS$VFMA$PE$A:L22UL41UL21$X:L11$S22US41US21$IEEE1$IW$USESV6$~STKCKD$USESV7$~SHL$OTIME$ROPI$EBA8$MICROLIB$REQ8$PRES8$EABIv2 0x00000000   Number         0  anon$$obj.o ABSOLUTE
    __ARM_use_no_argv                        0x00000000   Number         0  main.o ABSOLUTE
    _printf_a                                0x00000000   Number         0  stubs.o ABSOLUTE
    _printf_c                                0x00000000   Number         0  stubs.o ABSOLUTE
    _printf_charcount                        0x00000000   Number         0  stubs.o ABSOLUTE
    _printf_d                                0x00000000   Number         0  stubs.o ABSOLUTE
    _printf_e                                0x00000000   Number         0  stubs.o ABSOLUTE
    _printf_f                                0x00000000   Number         0  stubs.o ABSOLUTE
    _printf_flags                            0x00000000   Number         0  stubs.o ABSOLUTE
    _printf_fp_dec                           0x00000000   Number         0  stubs.o ABSOLUTE
    _printf_fp_hex                           0x00000000   Number         0  stubs.o ABSOLUTE
    _printf_g                                0x00000000   Number         0  stubs.o ABSOLUTE
    _printf_i                                0x00000000   Number         0  stubs.o ABSOLUTE
    _printf_int_dec                          0x00000000   Number         0  stubs.o ABSOLUTE
    _printf_l                                0x00000000   Number         0  stubs.o ABSOLUTE
    _printf_lc                               0x00000000   Number         0  stubs.o ABSOLUTE
    _printf_ll                               0x00000000   Number         0  stubs.o ABSOLUTE
    _printf_lld                              0x00000000   Number         0  stubs.o ABSOLUTE
    _printf_lli                              0x00000000   Number         0  stubs.o ABSOLUTE
    _printf_llo                              0x00000000   Number         0  stubs.o ABSOLUTE
    _printf_llu                              0x00000000   Number         0  stubs.o ABSOLUTE
    _printf_llx                              0x00000000   Number         0  stubs.o ABSOLUTE
    _printf_longlong_dec                     0x00000000   Number         0  stubs.o ABSOLUTE
    _printf_longlong_hex                     0x00000000   Number         0  stubs.o ABSOLUTE
    _printf_longlong_oct                     0x00000000   Number         0  stubs.o ABSOLUTE
    _printf_ls                               0x00000000   Number         0  stubs.o ABSOLUTE
    _printf_mbtowc                           0x00000000   Number         0  stubs.o ABSOLUTE
    _printf_n                                0x00000000   Number         0  stubs.o ABSOLUTE
    _printf_o                                0x00000000   Number         0  stubs.o ABSOLUTE
    _printf_p                                0x00000000   Number         0  stubs.o ABSOLUTE
    _printf_percent                          0x00000000   Number         0  stubs.o ABSOLUTE
    _printf_pre_padding                      0x00000000   Number         0  stubs.o ABSOLUTE
    _printf_return_value                     0x00000000   Number         0  stubs.o ABSOLUTE
    _printf_s                                0x00000000   Number         0  stubs.o ABSOLUTE
    _printf_sizespec                         0x00000000   Number         0  stubs.o ABSOLUTE
    _printf_str                              0x00000000   Number         0  stubs.o ABSOLUTE
    _printf_truncate_signed                  0x00000000   Number         0  stubs.o ABSOLUTE
    _printf_truncate_unsigned                0x00000000   Number         0  stubs.o ABSOLUTE
    _printf_u                                0x00000000   Number         0  stubs.o ABSOLUTE
    _printf_wc                               0x00000000   Number         0  stubs.o ABSOLUTE
    _printf_wctomb                           0x00000000   Number         0  stubs.o ABSOLUTE
    _printf_widthprec                        0x00000000   Number         0  stubs.o ABSOLUTE
    _printf_x                                0x00000000   Number         0  stubs.o ABSOLUTE
    __cpp_initialize__aeabi_                  - Undefined Weak Reference
    __cxa_finalize                            - Undefined Weak Reference
    __decompress                              - Undefined Weak Reference
    _clock_init                               - Undefined Weak Reference
    _microlib_exit                            - Undefined Weak Reference
    __Vectors_Size                           0x00000188   Number         0  startup_stm32f405xx.o ABSOLUTE
    __Vectors                                0x08000000   Data           4  startup_stm32f405xx.o(RESET)
    __Vectors_End                            0x08000188   Data           0  startup_stm32f405xx.o(RESET)
    __main                                   0x08000189   Thumb Code     0  entry.o(.ARM.Collect$$$$00000000)
    _main_stk                                0x08000189   Thumb Code     0  entry2.o(.ARM.Collect$$$$00000001)
    _main_scatterload                        0x0800018d   Thumb Code     0  entry5.o(.ARM.Collect$$$$00000004)
    __main_after_scatterload                 0x08000191   Thumb Code     0  entry5.o(.ARM.Collect$$$$00000004)
    _main_clock                              0x08000191   Thumb Code     0  entry7b.o(.ARM.Collect$$$$00000008)
    _main_cpp_init                           0x08000191   Thumb Code     0  entry8b.o(.ARM.Collect$$$$0000000A)
    _main_init                               0x08000191   Thumb Code     0  entry9a.o(.ARM.Collect$$$$0000000B)
    __rt_final_cpp                           0x08000199   Thumb Code     0  entry10a.o(.ARM.Collect$$$$0000000D)
    __rt_final_exit                          0x08000199   Thumb Code     0  entry11a.o(.ARM.Collect$$$$0000000F)
    Reset_Handler                            0x0800019d   Thumb Code     8  startup_stm32f405xx.o(.text)
    NMI_Handler                              0x080001a5   Thumb Code     2  startup_stm32f405xx.o(.text)
    HardFault_Handler                        0x080001a7   Thumb Code     2  startup_stm32f405xx.o(.text)
    MemManage_Handler                        0x080001a9   Thumb Code     2  startup_stm32f405xx.o(.text)
    BusFault_Handler                         0x080001ab   Thumb Code     2  startup_stm32f405xx.o(.text)
    UsageFault_Handler                       0x080001ad   Thumb Code     2  startup_stm32f405xx.o(.text)
    SVC_Handler                              0x080001af   Thumb Code     2  startup_stm32f405xx.o(.text)
    DebugMon_Handler                         0x080001b1   Thumb Code     2  startup_stm32f405xx.o(.text)
    PendSV_Handler                           0x080001b3   Thumb Code     2  startup_stm32f405xx.o(.text)
    ADC_IRQHandler                           0x080001b7   Thumb Code     0  startup_stm32f405xx.o(.text)
    CAN1_RX0_IRQHandler                      0x080001b7   Thumb Code     0  startup_stm32f405xx.o(.text)
    CAN1_RX1_IRQHandler                      0x080001b7   Thumb Code     0  startup_stm32f405xx.o(.text)
    CAN1_SCE_IRQHandler                      0x080001b7   Thumb Code     0  startup_stm32f405xx.o(.text)
    CAN1_TX_IRQHandler                       0x080001b7   Thumb Code     0  startup_stm32f405xx.o(.text)
    CAN2_RX0_IRQHandler                      0x080001b7   Thumb Code     0  startup_stm32f405xx.o(.text)
    CAN2_RX1_IRQHandler                      0x080001b7   Thumb Code     0  startup_stm32f405xx.o(.text)
    CAN2_SCE_IRQHandler                      0x080001b7   Thumb Code     0  startup_stm32f405xx.o(.text)
    CAN2_TX_IRQHandler                       0x080001b7   Thumb Code     0  startup_stm32f405xx.o(.text)
    DMA1_Stream0_IRQHandler                  0x080001b7   Thumb Code     0  startup_stm32f405xx.o(.text)
    DMA1_Stream1_IRQHandler                  0x080001b7   Thumb Code     0  startup_stm32f405xx.o(.text)
    DMA1_Stream2_IRQHandler                  0x080001b7   Thumb Code     0  startup_stm32f405xx.o(.text)
    DMA1_Stream3_IRQHandler                  0x080001b7   Thumb Code     0  startup_stm32f405xx.o(.text)
    DMA1_Stream4_IRQHandler                  0x080001b7   Thumb Code     0  startup_stm32f405xx.o(.text)
    DMA1_Stream5_IRQHandler                  0x080001b7   Thumb Code     0  startup_stm32f405xx.o(.text)
    DMA1_Stream6_IRQHandler                  0x080001b7   Thumb Code     0  startup_stm32f405xx.o(.text)
    DMA1_Stream7_IRQHandler                  0x080001b7   Thumb Code     0  startup_stm32f405xx.o(.text)
    DMA2_Stream1_IRQHandler                  0x080001b7   Thumb Code     0  startup_stm32f405xx.o(.text)
    DMA2_Stream3_IRQHandler                  0x080001b7   Thumb Code     0  startup_stm32f405xx.o(.text)
    DMA2_Stream4_IRQHandler                  0x080001b7   Thumb Code     0  startup_stm32f405xx.o(.text)
    DMA2_Stream5_IRQHandler                  0x080001b7   Thumb Code     0  startup_stm32f405xx.o(.text)
    DMA2_Stream6_IRQHandler                  0x080001b7   Thumb Code     0  startup_stm32f405xx.o(.text)
    DMA2_Stream7_IRQHandler                  0x080001b7   Thumb Code     0  startup_stm32f405xx.o(.text)
    EXTI1_IRQHandler                         0x080001b7   Thumb Code     0  startup_stm32f405xx.o(.text)
    EXTI3_IRQHandler                         0x080001b7   Thumb Code     0  startup_stm32f405xx.o(.text)
    EXTI4_IRQHandler                         0x080001b7   Thumb Code     0  startup_stm32f405xx.o(.text)
    EXTI9_5_IRQHandler                       0x080001b7   Thumb Code     0  startup_stm32f405xx.o(.text)
    FLASH_IRQHandler                         0x080001b7   Thumb Code     0  startup_stm32f405xx.o(.text)
    FMC_IRQHandler                           0x080001b7   Thumb Code     0  startup_stm32f405xx.o(.text)
    FPU_IRQHandler                           0x080001b7   Thumb Code     0  startup_stm32f405xx.o(.text)
    HASH_RNG_IRQHandler                      0x080001b7   Thumb Code     0  startup_stm32f405xx.o(.text)
    I2C1_ER_IRQHandler                       0x080001b7   Thumb Code     0  startup_stm32f405xx.o(.text)
    I2C1_EV_IRQHandler                       0x080001b7   Thumb Code     0  startup_stm32f405xx.o(.text)
    I2C2_ER_IRQHandler                       0x080001b7   Thumb Code     0  startup_stm32f405xx.o(.text)
    I2C2_EV_IRQHandler                       0x080001b7   Thumb Code     0  startup_stm32f405xx.o(.text)
    I2C3_ER_IRQHandler                       0x080001b7   Thumb Code     0  startup_stm32f405xx.o(.text)
    I2C3_EV_IRQHandler                       0x080001b7   Thumb Code     0  startup_stm32f405xx.o(.text)
    OTG_FS_IRQHandler                        0x080001b7   Thumb Code     0  startup_stm32f405xx.o(.text)
    OTG_FS_WKUP_IRQHandler                   0x080001b7   Thumb Code     0  startup_stm32f405xx.o(.text)
    OTG_HS_EP1_IN_IRQHandler                 0x080001b7   Thumb Code     0  startup_stm32f405xx.o(.text)
    OTG_HS_EP1_OUT_IRQHandler                0x080001b7   Thumb Code     0  startup_stm32f405xx.o(.text)
    OTG_HS_IRQHandler                        0x080001b7   Thumb Code     0  startup_stm32f405xx.o(.text)
    OTG_HS_WKUP_IRQHandler                   0x080001b7   Thumb Code     0  startup_stm32f405xx.o(.text)
    PVD_IRQHandler                           0x080001b7   Thumb Code     0  startup_stm32f405xx.o(.text)
    RCC_IRQHandler                           0x080001b7   Thumb Code     0  startup_stm32f405xx.o(.text)
    RTC_Alarm_IRQHandler                     0x080001b7   Thumb Code     0  startup_stm32f405xx.o(.text)
    RTC_WKUP_IRQHandler                      0x080001b7   Thumb Code     0  startup_stm32f405xx.o(.text)
    SDIO_IRQHandler                          0x080001b7   Thumb Code     0  startup_stm32f405xx.o(.text)
    SPI1_IRQHandler                          0x080001b7   Thumb Code     0  startup_stm32f405xx.o(.text)
    SPI2_IRQHandler                          0x080001b7   Thumb Code     0  startup_stm32f405xx.o(.text)
    TAMP_STAMP_IRQHandler                    0x080001b7   Thumb Code     0  startup_stm32f405xx.o(.text)
    TIM1_BRK_TIM9_IRQHandler                 0x080001b7   Thumb Code     0  startup_stm32f405xx.o(.text)
    TIM1_CC_IRQHandler                       0x080001b7   Thumb Code     0  startup_stm32f405xx.o(.text)
    TIM1_TRG_COM_TIM11_IRQHandler            0x080001b7   Thumb Code     0  startup_stm32f405xx.o(.text)
    TIM1_UP_TIM10_IRQHandler                 0x080001b7   Thumb Code     0  startup_stm32f405xx.o(.text)
    TIM2_IRQHandler                          0x080001b7   Thumb Code     0  startup_stm32f405xx.o(.text)
    TIM3_IRQHandler                          0x080001b7   Thumb Code     0  startup_stm32f405xx.o(.text)
    TIM4_IRQHandler                          0x080001b7   Thumb Code     0  startup_stm32f405xx.o(.text)
    TIM5_IRQHandler                          0x080001b7   Thumb Code     0  startup_stm32f405xx.o(.text)
    TIM7_IRQHandler                          0x080001b7   Thumb Code     0  startup_stm32f405xx.o(.text)
    TIM8_BRK_TIM12_IRQHandler                0x080001b7   Thumb Code     0  startup_stm32f405xx.o(.text)
    TIM8_CC_IRQHandler                       0x080001b7   Thumb Code     0  startup_stm32f405xx.o(.text)
    TIM8_TRG_COM_TIM14_IRQHandler            0x080001b7   Thumb Code     0  startup_stm32f405xx.o(.text)
    TIM8_UP_TIM13_IRQHandler                 0x080001b7   Thumb Code     0  startup_stm32f405xx.o(.text)
    UART4_IRQHandler                         0x080001b7   Thumb Code     0  startup_stm32f405xx.o(.text)
    UART5_IRQHandler                         0x080001b7   Thumb Code     0  startup_stm32f405xx.o(.text)
    USART2_IRQHandler                        0x080001b7   Thumb Code     0  startup_stm32f405xx.o(.text)
    USART3_IRQHandler                        0x080001b7   Thumb Code     0  startup_stm32f405xx.o(.text)
    USART6_IRQHandler                        0x080001b7   Thumb Code     0  startup_stm32f405xx.o(.text)
    WWDG_IRQHandler                          0x080001b7   Thumb Code     0  startup_stm32f405xx.o(.text)
    __aeabi_dadd                             0x080001c1   Thumb Code   322  dadd.o(.text)
    __aeabi_dsub                             0x08000303   Thumb Code     6  dadd.o(.text)
    __aeabi_drsub                            0x08000309   Thumb Code     6  dadd.o(.text)
    __aeabi_dmul                             0x0800030f   Thumb Code   228  dmul.o(.text)
    __aeabi_ddiv                             0x080003f3   Thumb Code   222  ddiv.o(.text)
    __aeabi_i2d                              0x080004d1   Thumb Code    34  dflti.o(.text)
    __aeabi_d2iz                             0x080004f3   Thumb Code    62  dfixi.o(.text)
    __aeabi_uidiv                            0x08000531   Thumb Code     0  uidiv.o(.text)
    __aeabi_uidivmod                         0x08000531   Thumb Code    44  uidiv.o(.text)
    __aeabi_llsl                             0x0800055d   Thumb Code    30  llshl.o(.text)
    _ll_shift_l                              0x0800055d   Thumb Code     0  llshl.o(.text)
    __aeabi_llsr                             0x0800057b   Thumb Code    32  llushr.o(.text)
    _ll_ushift_r                             0x0800057b   Thumb Code     0  llushr.o(.text)
    __aeabi_lasr                             0x0800059b   Thumb Code    36  llsshr.o(.text)
    _ll_sshift_r                             0x0800059b   Thumb Code     0  llsshr.o(.text)
    __I$use$fp                               0x080005bf   Thumb Code     0  iusefp.o(.text)
    _double_round                            0x080005bf   Thumb Code    30  depilogue.o(.text)
    _double_epilogue                         0x080005dd   Thumb Code   156  depilogue.o(.text)
    __scatterload                            0x08000679   Thumb Code    28  init.o(.text)
    __scatterload_rt2                        0x08000679   Thumb Code     0  init.o(.text)
    ADCread2Channel                          0x08000859   Thumb Code    30  sensor.o(i.ADCread2Channel)
    ADCreadAmbient                           0x08000881   Thumb Code    34  sensor.o(i.ADCreadAmbient)
    ADCreadChannel                           0x080008b9   Thumb Code    20  sensor.o(i.ADCreadChannel)
    DMA2_Stream0_IRQHandler                  0x080008d5   Thumb Code     6  stm32f4xx_it.o(i.DMA2_Stream0_IRQHandler)
    DMA2_Stream2_IRQHandler                  0x080008e1   Thumb Code     6  stm32f4xx_it.o(i.DMA2_Stream2_IRQHandler)
    EXTI0_IRQHandler                         0x08000943   Thumb Code     6  stm32f4xx_it.o(i.EXTI0_IRQHandler)
    EXTI15_10_IRQHandler                     0x08000949   Thumb Code    82  stm32f4xx_it.o(i.EXTI15_10_IRQHandler)
    EXTI2_IRQHandler                         0x080009bd   Thumb Code    20  stm32f4xx_it.o(i.EXTI2_IRQHandler)
    Go                                       0x080009ed   Thumb Code    26  motor.o(i.Go)
    GoA                                      0x08000a09   Thumb Code   156  motor.o(i.GoA)
    GyroCalibrate                            0x08000aa9   Thumb Code    48  fxas21002c.o(i.GyroCalibrate)
    GyroInit                                 0x08000add   Thumb Code    70  fxas21002c.o(i.GyroInit)
    GyroReadData                             0x08000b29   Thumb Code    66  fxas21002c.o(i.GyroReadData)
    HAL_ADCEx_InjectedConfigChannel          0x08000b71   Thumb Code   462  stm32f4xx_hal_adc_ex.o(i.HAL_ADCEx_InjectedConfigChannel)
    HAL_ADC_ConfigChannel                    0x08000d49   Thumb Code   332  stm32f4xx_hal_adc.o(i.HAL_ADC_ConfigChannel)
    HAL_ADC_ConvCpltCallback                 0x08000ea1   Thumb Code     2  stm32f4xx_hal_adc.o(i.HAL_ADC_ConvCpltCallback)
    HAL_ADC_ConvHalfCpltCallback             0x08000ea3   Thumb Code     2  stm32f4xx_hal_adc.o(i.HAL_ADC_ConvHalfCpltCallback)
    HAL_ADC_ErrorCallback                    0x08000ea5   Thumb Code     2  stm32f4xx_hal_adc.o(i.HAL_ADC_ErrorCallback)
    HAL_ADC_GetValue                         0x08000ea7   Thumb Code     6  stm32f4xx_hal_adc.o(i.HAL_ADC_GetValue)
    HAL_ADC_Init                             0x08000ead   Thumb Code    84  stm32f4xx_hal_adc.o(i.HAL_ADC_Init)
    HAL_ADC_MspInit                          0x08000f01   Thumb Code   132  adc.o(i.HAL_ADC_MspInit)
    HAL_ADC_Start                            0x08000fa1   Thumb Code   198  stm32f4xx_hal_adc.o(i.HAL_ADC_Start)
    HAL_ADC_Start_DMA                        0x08001075   Thumb Code   258  stm32f4xx_hal_adc.o(i.HAL_ADC_Start_DMA)
    HAL_DMA_IRQHandler                       0x08001191   Thumb Code   442  stm32f4xx_hal_dma.o(i.HAL_DMA_IRQHandler)
    HAL_DMA_Init                             0x08001351   Thumb Code   118  stm32f4xx_hal_dma.o(i.HAL_DMA_Init)
    HAL_DMA_Start_IT                         0x080013cd   Thumb Code    78  stm32f4xx_hal_dma.o(i.HAL_DMA_Start_IT)
    HAL_Delay                                0x0800141b   Thumb Code    22  stm32f4xx_hal.o(i.HAL_Delay)
    HAL_GPIO_EXTI_Callback                   0x08001431   Thumb Code     2  stm32f4xx_hal_gpio.o(i.HAL_GPIO_EXTI_Callback)
    HAL_GPIO_EXTI_IRQHandler                 0x08001435   Thumb Code    18  stm32f4xx_hal_gpio.o(i.HAL_GPIO_EXTI_IRQHandler)
    HAL_GPIO_Init                            0x0800144d   Thumb Code   416  stm32f4xx_hal_gpio.o(i.HAL_GPIO_Init)
    HAL_GPIO_WritePin                        0x0800161d   Thumb Code    14  stm32f4xx_hal_gpio.o(i.HAL_GPIO_WritePin)
    HAL_GetTick                              0x0800162d   Thumb Code     6  stm32f4xx_hal.o(i.HAL_GetTick)
    HAL_IncTick                              0x08001639   Thumb Code    10  stm32f4xx_hal.o(i.HAL_IncTick)
    HAL_Init                                 0x08001649   Thumb Code    48  stm32f4xx_hal.o(i.HAL_Init)
    HAL_InitTick                             0x0800167d   Thumb Code    34  stm32f4xx_hal.o(i.HAL_InitTick)
    HAL_MspInit                              0x0800169f   Thumb Code    68  stm32f4xx_hal_msp.o(i.HAL_MspInit)
    HAL_NVIC_EnableIRQ                       0x080016e3   Thumb Code    22  stm32f4xx_hal_cortex.o(i.HAL_NVIC_EnableIRQ)
    HAL_NVIC_SetPriority                     0x080016f9   Thumb Code    60  stm32f4xx_hal_cortex.o(i.HAL_NVIC_SetPriority)
    HAL_NVIC_SetPriorityGrouping             0x08001739   Thumb Code    26  stm32f4xx_hal_cortex.o(i.HAL_NVIC_SetPriorityGrouping)
    HAL_RCC_ClockConfig                      0x0800175d   Thumb Code   358  stm32f4xx_hal_rcc.o(i.HAL_RCC_ClockConfig)
    HAL_RCC_GetHCLKFreq                      0x080018cd   Thumb Code    38  stm32f4xx_hal_rcc.o(i.HAL_RCC_GetHCLKFreq)
    HAL_RCC_GetPCLK1Freq                     0x08001901   Thumb Code    36  stm32f4xx_hal_rcc.o(i.HAL_RCC_GetPCLK1Freq)
    HAL_RCC_GetPCLK2Freq                     0x0800192d   Thumb Code    36  stm32f4xx_hal_rcc.o(i.HAL_RCC_GetPCLK2Freq)
    HAL_RCC_GetSysClockFreq                  0x08001959   Thumb Code   120  stm32f4xx_hal_rcc.o(i.HAL_RCC_GetSysClockFreq)
    HAL_RCC_OscConfig                        0x080019d9   Thumb Code   772  stm32f4xx_hal_rcc.o(i.HAL_RCC_OscConfig)
    HAL_SPI_ErrorCallback                    0x08001ced   Thumb Code     2  stm32f4xx_hal_spi.o(i.HAL_SPI_ErrorCallback)
    HAL_SPI_IRQHandler                       0x08001cef   Thumb Code   148  stm32f4xx_hal_spi.o(i.HAL_SPI_IRQHandler)
    HAL_SPI_Init                             0x08001d83   Thumb Code   144  stm32f4xx_hal_spi.o(i.HAL_SPI_Init)
    HAL_SPI_MspInit                          0x08001e15   Thumb Code    80  spi.o(i.HAL_SPI_MspInit)
    HAL_SPI_RxCpltCallback                   0x08001e71   Thumb Code     2  stm32f4xx_hal_spi.o(i.HAL_SPI_RxCpltCallback)
    HAL_SPI_TransmitReceive_IT               0x08001e75   Thumb Code   184  stm32f4xx_hal_spi.o(i.HAL_SPI_TransmitReceive_IT)
    HAL_SPI_TxRxCpltCallback                 0x08001f3d   Thumb Code     2  stm32f4xx_hal_spi.o(i.HAL_SPI_TxRxCpltCallback)
    HAL_SYSTICK_CLKSourceConfig              0x08001f3f   Thumb Code    28  stm32f4xx_hal_cortex.o(i.HAL_SYSTICK_CLKSourceConfig)
    HAL_SYSTICK_Callback                     0x08001f5b   Thumb Code     2  stm32f4xx_hal_cortex.o(i.HAL_SYSTICK_Callback)
    HAL_SYSTICK_Config                       0x08001f5d   Thumb Code    40  stm32f4xx_hal_cortex.o(i.HAL_SYSTICK_Config)
    HAL_SYSTICK_IRQHandler                   0x08001f85   Thumb Code     8  stm32f4xx_hal_cortex.o(i.HAL_SYSTICK_IRQHandler)
    HAL_TIMEx_BreakCallback                  0x08001f8d   Thumb Code     2  stm32f4xx_hal_tim_ex.o(i.HAL_TIMEx_BreakCallback)
    HAL_TIMEx_CommutationCallback            0x08001f8f   Thumb Code     2  stm32f4xx_hal_tim_ex.o(i.HAL_TIMEx_CommutationCallback)
    HAL_TIMEx_MasterConfigSynchronization    0x08001f91   Thumb Code    80  stm32f4xx_hal_tim_ex.o(i.HAL_TIMEx_MasterConfigSynchronization)
    HAL_TIM_Base_Init                        0x08001fe1   Thumb Code    56  stm32f4xx_hal_tim.o(i.HAL_TIM_Base_Init)
    HAL_TIM_Base_MspInit                     0x08002019   Thumb Code    50  tim.o(i.HAL_TIM_Base_MspInit)
    HAL_TIM_Encoder_Init                     0x08002055   Thumb Code   162  stm32f4xx_hal_tim.o(i.HAL_TIM_Encoder_Init)
    HAL_TIM_Encoder_MspInit                  0x080020f9   Thumb Code   100  tim.o(i.HAL_TIM_Encoder_MspInit)
    HAL_TIM_Encoder_Start                    0x08002171   Thumb Code    66  stm32f4xx_hal_tim.o(i.HAL_TIM_Encoder_Start)
    HAL_TIM_IC_CaptureCallback               0x080021b3   Thumb Code     2  stm32f4xx_hal_tim.o(i.HAL_TIM_IC_CaptureCallback)
    HAL_TIM_IRQHandler                       0x080021b5   Thumb Code   366  stm32f4xx_hal_tim.o(i.HAL_TIM_IRQHandler)
    HAL_TIM_MspPostInit                      0x08002325   Thumb Code    42  tim.o(i.HAL_TIM_MspPostInit)
    HAL_TIM_OC_DelayElapsedCallback          0x08002359   Thumb Code     2  stm32f4xx_hal_tim.o(i.HAL_TIM_OC_DelayElapsedCallback)
    HAL_TIM_PWM_ConfigChannel                0x0800235b   Thumb Code   218  stm32f4xx_hal_tim.o(i.HAL_TIM_PWM_ConfigChannel)
    HAL_TIM_PWM_Init                         0x08002435   Thumb Code    56  stm32f4xx_hal_tim.o(i.HAL_TIM_PWM_Init)
    HAL_TIM_PWM_MspInit                      0x0800246d   Thumb Code    30  tim.o(i.HAL_TIM_PWM_MspInit)
    HAL_TIM_PWM_PulseFinishedCallback        0x08002495   Thumb Code     2  stm32f4xx_hal_tim.o(i.HAL_TIM_PWM_PulseFinishedCallback)
    HAL_TIM_PWM_Start                        0x08002499   Thumb Code    48  stm32f4xx_hal_tim.o(i.HAL_TIM_PWM_Start)
    HAL_TIM_PeriodElapsedCallback            0x080024d1   Thumb Code     2  stm32f4xx_hal_tim.o(i.HAL_TIM_PeriodElapsedCallback)
    HAL_TIM_TriggerCallback                  0x080024d3   Thumb Code     2  stm32f4xx_hal_tim.o(i.HAL_TIM_TriggerCallback)
    HAL_UART_ErrorCallback                   0x080024d5   Thumb Code     2  stm32f4xx_hal_uart.o(i.HAL_UART_ErrorCallback)
    HAL_UART_IRQHandler                      0x080024d7   Thumb Code   222  stm32f4xx_hal_uart.o(i.HAL_UART_IRQHandler)
    HAL_UART_Init                            0x080025b5   Thumb Code   100  stm32f4xx_hal_uart.o(i.HAL_UART_Init)
    HAL_UART_MspInit                         0x08002619   Thumb Code   126  usart.o(i.HAL_UART_MspInit)
    HAL_UART_RxCpltCallback                  0x080026ad   Thumb Code    22  main.o(i.HAL_UART_RxCpltCallback)
    HAL_UART_Transmit                        0x080026c9   Thumb Code   180  stm32f4xx_hal_uart.o(i.HAL_UART_Transmit)
    HAL_UART_TxCpltCallback                  0x0800277d   Thumb Code     2  stm32f4xx_hal_uart.o(i.HAL_UART_TxCpltCallback)
    MX_ADC1_Init                             0x08002781   Thumb Code   136  adc.o(i.MX_ADC1_Init)
    MX_DMA_Init                              0x08002811   Thumb Code    56  dma.o(i.MX_DMA_Init)
    MX_GPIO_Init                             0x0800284d   Thumb Code   282  gpio.o(i.MX_GPIO_Init)
    MX_SPI3_Init                             0x08002981   Thumb Code    46  spi.o(i.MX_SPI3_Init)
    MX_TIM12_Init                            0x080029b9   Thumb Code    72  tim.o(i.MX_TIM12_Init)
    MX_TIM3_Init                             0x08002a09   Thumb Code    72  tim.o(i.MX_TIM3_Init)
    MX_TIM4_Init                             0x08002a59   Thumb Code    68  tim.o(i.MX_TIM4_Init)
    MX_TIM6_Init                             0x08002aa5   Thumb Code    38  tim.o(i.MX_TIM6_Init)
    MX_USART1_UART_Init                      0x08002ad5   Thumb Code    32  usart.o(i.MX_USART1_UART_Init)
    MotorDriver                              0x08002afd   Thumb Code   336  motor.o(i.MotorDriver)
    MotorEnd                                 0x08002c8d   Thumb Code    48  motor.o(i.MotorEnd)
    MotorFillStruct                          0x08002cc1   Thumb Code   190  motor.o(i.MotorFillStruct)
    MotorFloat                               0x08002dc5   Thumb Code    66  motor.o(i.MotorFloat)
    MotorInit                                0x08002e15   Thumb Code   112  motor.o(i.MotorInit)
    MotorSetPWM                              0x08002e95   Thumb Code    98  motor.o(i.MotorSetPWM)
    MotorSetPWMRaw                           0x08002f05   Thumb Code    96  motor.o(i.MotorSetPWMRaw)
    MotorStop                                0x08002f6d   Thumb Code    68  motor.o(i.MotorStop)
    MotorTruncVel                            0x08002fbd   Thumb Code    22  motor.o(i.MotorTruncVel)
    MotorUpdate                              0x08002fd9   Thumb Code   108  motor.o(i.MotorUpdate)
    SPI3_IRQHandler                          0x08003081   Thumb Code     6  stm32f4xx_it.o(i.SPI3_IRQHandler)
    SpiRead                                  0x08003301   Thumb Code   122  fxas21002c.o(i.SpiRead)
    SpiWrite                                 0x0800338d   Thumb Code    76  fxas21002c.o(i.SpiWrite)
    SysTick_Handler                          0x080033e9   Thumb Code    14  stm32f4xx_it.o(i.SysTick_Handler)
    SystemClock_Config                       0x080033f9   Thumb Code   136  main.o(i.SystemClock_Config)
    SystemInit                               0x08003489   Thumb Code    66  system_stm32f4xx.o(i.SystemInit)
    TIM6_DAC_IRQHandler                      0x080034dd   Thumb Code   214  stm32f4xx_it.o(i.TIM6_DAC_IRQHandler)
    TIM_Base_SetConfig                       0x080035cd   Thumb Code   152  stm32f4xx_hal_tim.o(i.TIM_Base_SetConfig)
    TIM_CCxChannelCmd                        0x08003691   Thumb Code    22  stm32f4xx_hal_tim.o(i.TIM_CCxChannelCmd)
    TIM_OC2_SetConfig                        0x08003709   Thumb Code    98  stm32f4xx_hal_tim.o(i.TIM_OC2_SetConfig)
    UI_Init                                  0x08003d31   Thumb Code    18  ui.o(i.UI_Init)
    UI_InitBeep                              0x08003d45   Thumb Code   116  ui.o(i.UI_InitBeep)
    UI_InitLeds                              0x08003dc1   Thumb Code     4  ui.o(i.UI_InitLeds)
    UI_LedOff                                0x08003dc5   Thumb Code    48  ui.o(i.UI_LedOff)
    USART1_IRQHandler                        0x08003dfd   Thumb Code     6  stm32f4xx_it.o(i.USART1_IRQHandler)
    __0printf$1                              0x08003e09   Thumb Code    22  printf1.o(i.__0printf$1)
    __1printf$1                              0x08003e09   Thumb Code     0  printf1.o(i.__0printf$1)
    __2printf                                0x08003e09   Thumb Code     0  printf1.o(i.__0printf$1)
    __scatterload_copy                       0x08003e4b   Thumb Code    14  handlers.o(i.__scatterload_copy)
    __scatterload_null                       0x08003e59   Thumb Code     2  handlers.o(i.__scatterload_null)
    __scatterload_zeroinit                   0x08003e5b   Thumb Code    14  handlers.o(i.__scatterload_zeroinit)
    ctz                                      0x0800404d   Thumb Code    18  gpio_r.o(i.ctz)
    fputc                                    0x08004061   Thumb Code    20  ui.o(i.fputc)
    getEncL                                  0x08004079   Thumb Code     8  motor.o(i.getEncL)
    getEncR                                  0x08004085   Thumb Code     8  motor.o(i.getEncR)
    gpio_pin_cfg                             0x08004091   Thumb Code   122  gpio_r.o(i.gpio_pin_cfg)
    itoa                                     0x0800410b   Thumb Code    76  ui.o(i.itoa)
    main                                     0x08004157   Thumb Code   116  main.o(i.main)
    mmToTicks                                0x080041cd   Thumb Code    32  motor.o(i.mmToTicks)
    printf_                                  0x080041f5   Thumb Code    20  ui.o(i.printf_)
    sgn                                      0x0800420d   Thumb Code    16  motor.o(i.sgn)
    strrev                                   0x0800421d   Thumb Code    22  ui.o(i.strrev)
    usart_put_char                           0x08004235   Thumb Code    14  ui.o(i.usart_put_char)
    APBAHBPrescTable                         0x08004248   Data          16  stm32f4xx_hal_rcc.o(.constdata)
    Region$$Table$$Base                      0x08004260   Number         0  anon$$obj.o(Region$$Table)
    Region$$Table$$Limit                     0x08004280   Number         0  anon$$obj.o(Region$$Table)
    uwTick                                   0x20000000   Data           4  stm32f4xx_hal.o(.data)
    count                                    0x20000004   Data           1  stm32f4xx_it.o(.data)
    Rx_buf                                   0x20000005   Data           1  main.o(.data)
    vbat                                     0x20000008   Data           4  sensor.o(.data)
    cal_z                                    0x2000000c   Data           2  fxas21002c.o(.data)
    angle1                                   0x20000010   Data           4  fxas21002c.o(.data)
    prev_z                                   0x20000014   Data           4  fxas21002c.o(.data)
    SpiRxBuffer                              0x20000018   Data           6  fxas21002c.o(.data)
    raw                                      0x2000001e   Data           6  fxas21002c.o(.data)
    stdout_file                              0x20000024   Data           8  ui.o(.data)
    SystemCoreClock                          0x20000030   Data           4  system_stm32f4xx.o(.data)
    __stdout                                 0x20000034   Data           4  stdout.o(.data)
    htim3                                    0x20000038   Data          60  tim.o(.bss)
    htim4                                    0x20000074   Data          60  tim.o(.bss)
    htim6                                    0x200000b0   Data          60  tim.o(.bss)
    htim12                                   0x200000ec   Data          60  tim.o(.bss)
    hspi3                                    0x20000128   Data          88  spi.o(.bss)
    huart1                                   0x20000180   Data          64  usart.o(.bss)
    hdma_usart1_rx                           0x200001c0   Data          88  usart.o(.bss)
    hadc1                                    0x20000218   Data          72  adc.o(.bss)
    hdma_adc1                                0x20000260   Data          88  adc.o(.bss)
    cal                                      0x200002b8   Data          20  sensor.o(.bss)
    sens                                     0x200002cc   Data          16  sensor.o(.bss)
    motors                                   0x200002dc   Data         104  motor.o(.bss)
    __initial_sp                             0x20000748   Data           0  startup_stm32f405xx.o(STACK)



==============================================================================

Memory Map of the image

  Image Entry point : 0x08000189

  Load Region LR_IROM1 (Base: 0x08000000, Size: 0x000042b8, Max: 0x00100000, ABSOLUTE)

    Execution Region ER_IROM1 (Base: 0x08000000, Size: 0x00004280, Max: 0x00100000, ABSOLUTE)

    Base Addr    Size         Type   Attr      Idx    E Section Name        Object

    0x08000000   0x00000188   Data   RO            3    RESET               startup_stm32f405xx.o
    0x08000188   0x00000000   Code   RO         3747  * .ARM.Collect$$$$00000000  mc_w.l(entry.o)
    0x08000188   0x00000004   Code   RO         4029    .ARM.Collect$$$$00000001  mc_w.l(entry2.o)
    0x0800018c   0x00000004   Code   RO         4032    .ARM.Collect$$$$00000004  mc_w.l(entry5.o)
    0x08000190   0x00000000   Code   RO         4034    .ARM.Collect$$$$00000008  mc_w.l(entry7b.o)
    0x08000190   0x00000000   Code   RO         4036    .ARM.Collect$$$$0000000A  mc_w.l(entry8b.o)
    0x08000190   0x00000008   Code   RO         4037    .ARM.Collect$$$$0000000B  mc_w.l(entry9a.o)
    0x08000198   0x00000000   Code   RO         4039    .ARM.Collect$$$$0000000D  mc_w.l(entry10a.o)
    0x08000198   0x00000000   Code   RO         4041    .ARM.Collect$$$$0000000F  mc_w.l(entry11a.o)
    0x08000198   0x00000004   Code   RO         4030    .ARM.Collect$$$$00002712  mc_w.l(entry2.o)
    0x0800019c   0x00000024   Code   RO            4    .text               startup_stm32f405xx.o
    0x080001c0   0x0000014e   Code   RO         4013    .text               mf_w.l(dadd.o)
    0x0800030e   0x000000e4   Code   RO         4015    .text               mf_w.l(dmul.o)
    0x080003f2   0x000000de   Code   RO         4017    .text               mf_w.l(ddiv.o)
    0x080004d0   0x00000022   Code   RO         4019    .text               mf_w.l(dflti.o)
    0x080004f2   0x0000003e   Code   RO         4021    .text               mf_w.l(dfixi.o)
    0x08000530   0x0000002c   Code   RO         4044    .text               mc_w.l(uidiv.o)
    0x0800055c   0x0000001e   Code   RO         4048    .text               mc_w.l(llshl.o)
    0x0800057a   0x00000020   Code   RO         4050    .text               mc_w.l(llushr.o)
    0x0800059a   0x00000024   Code   RO         4052    .text               mc_w.l(llsshr.o)
    0x080005be   0x00000000   Code   RO         4054    .text               mc_w.l(iusefp.o)
    0x080005be   0x000000ba   Code   RO         4057    .text               mf_w.l(depilogue.o)
    0x08000678   0x00000024   Code   RO         4063    .text               mc_w.l(init.o)
    0x0800069c   0x00000062   Code   RO         2658    i.ADC_DMAConvCplt   stm32f4xx_hal_adc.o
    0x080006fe   0x00000016   Code   RO         2659    i.ADC_DMAError      stm32f4xx_hal_adc.o
    0x08000714   0x0000000a   Code   RO         2660    i.ADC_DMAHalfConvCplt  stm32f4xx_hal_adc.o
    0x0800071e   0x00000002   PAD
    0x08000720   0x00000138   Code   RO         2661    i.ADC_Init          stm32f4xx_hal_adc.o
    0x08000858   0x00000028   Code   RO         3309    i.ADCread2Channel   sensor.o
    0x08000880   0x00000038   Code   RO         3310    i.ADCreadAmbient    sensor.o
    0x080008b8   0x0000001c   Code   RO         3311    i.ADCreadChannel    sensor.o
    0x080008d4   0x0000000c   Code   RO         3080    i.DMA2_Stream0_IRQHandler  stm32f4xx_it.o
    0x080008e0   0x0000000c   Code   RO         3081    i.DMA2_Stream2_IRQHandler  stm32f4xx_it.o
    0x080008ec   0x0000002c   Code   RO         1256    i.DMA_CalcBaseAndBitshift  stm32f4xx_hal_dma.o
    0x08000918   0x0000002a   Code   RO         1257    i.DMA_SetConfig     stm32f4xx_hal_dma.o
    0x08000942   0x00000006   Code   RO         3082    i.EXTI0_IRQHandler  stm32f4xx_it.o
    0x08000948   0x00000074   Code   RO         3083    i.EXTI15_10_IRQHandler  stm32f4xx_it.o
    0x080009bc   0x00000030   Code   RO         3084    i.EXTI2_IRQHandler  stm32f4xx_it.o
    0x080009ec   0x0000001a   Code   RO         3537    i.Go                motor.o
    0x08000a06   0x00000002   PAD
    0x08000a08   0x000000a0   Code   RO         3538    i.GoA               motor.o
    0x08000aa8   0x00000034   Code   RO         3364    i.GyroCalibrate     fxas21002c.o
    0x08000adc   0x0000004c   Code   RO         3366    i.GyroInit          fxas21002c.o
    0x08000b28   0x00000048   Code   RO         3367    i.GyroReadData      fxas21002c.o
    0x08000b70   0x000001d8   Code   RO          185    i.HAL_ADCEx_InjectedConfigChannel  stm32f4xx_hal_adc_ex.o
    0x08000d48   0x00000158   Code   RO         2663    i.HAL_ADC_ConfigChannel  stm32f4xx_hal_adc.o
    0x08000ea0   0x00000002   Code   RO         2664    i.HAL_ADC_ConvCpltCallback  stm32f4xx_hal_adc.o
    0x08000ea2   0x00000002   Code   RO         2665    i.HAL_ADC_ConvHalfCpltCallback  stm32f4xx_hal_adc.o
    0x08000ea4   0x00000002   Code   RO         2667    i.HAL_ADC_ErrorCallback  stm32f4xx_hal_adc.o
    0x08000ea6   0x00000006   Code   RO         2670    i.HAL_ADC_GetValue  stm32f4xx_hal_adc.o
    0x08000eac   0x00000054   Code   RO         2672    i.HAL_ADC_Init      stm32f4xx_hal_adc.o
    0x08000f00   0x000000a0   Code   RO         3267    i.HAL_ADC_MspInit   adc.o
    0x08000fa0   0x000000d4   Code   RO         2678    i.HAL_ADC_Start     stm32f4xx_hal_adc.o
    0x08001074   0x0000011c   Code   RO         2679    i.HAL_ADC_Start_DMA  stm32f4xx_hal_adc.o
    0x08001190   0x000001c0   Code   RO         1262    i.HAL_DMA_IRQHandler  stm32f4xx_hal_dma.o
    0x08001350   0x0000007c   Code   RO         1263    i.HAL_DMA_Init      stm32f4xx_hal_dma.o
    0x080013cc   0x0000004e   Code   RO         1266    i.HAL_DMA_Start_IT  stm32f4xx_hal_dma.o
    0x0800141a   0x00000016   Code   RO         1346    i.HAL_Delay         stm32f4xx_hal.o
    0x08001430   0x00000002   Code   RO           14    i.HAL_GPIO_EXTI_Callback  stm32f4xx_hal_gpio.o
    0x08001432   0x00000002   PAD
    0x08001434   0x00000018   Code   RO           15    i.HAL_GPIO_EXTI_IRQHandler  stm32f4xx_hal_gpio.o
    0x0800144c   0x000001d0   Code   RO           16    i.HAL_GPIO_Init     stm32f4xx_hal_gpio.o
    0x0800161c   0x0000000e   Code   RO           20    i.HAL_GPIO_WritePin  stm32f4xx_hal_gpio.o
    0x0800162a   0x00000002   PAD
    0x0800162c   0x0000000c   Code   RO         1352    i.HAL_GetTick       stm32f4xx_hal.o
    0x08001638   0x00000010   Code   RO         1353    i.HAL_IncTick       stm32f4xx_hal.o
    0x08001648   0x00000034   Code   RO         1354    i.HAL_Init          stm32f4xx_hal.o
    0x0800167c   0x00000022   Code   RO         1355    i.HAL_InitTick      stm32f4xx_hal.o
    0x0800169e   0x00000044   Code   RO         2948    i.HAL_MspInit       stm32f4xx_hal_msp.o
    0x080016e2   0x00000016   Code   RO         1788    i.HAL_NVIC_EnableIRQ  stm32f4xx_hal_cortex.o
    0x080016f8   0x00000040   Code   RO         1794    i.HAL_NVIC_SetPriority  stm32f4xx_hal_cortex.o
    0x08001738   0x00000024   Code   RO         1795    i.HAL_NVIC_SetPriorityGrouping  stm32f4xx_hal_cortex.o
    0x0800175c   0x00000170   Code   RO         1034    i.HAL_RCC_ClockConfig  stm32f4xx_hal_rcc.o
    0x080018cc   0x00000034   Code   RO         1039    i.HAL_RCC_GetHCLKFreq  stm32f4xx_hal_rcc.o
    0x08001900   0x0000002c   Code   RO         1041    i.HAL_RCC_GetPCLK1Freq  stm32f4xx_hal_rcc.o
    0x0800192c   0x0000002c   Code   RO         1042    i.HAL_RCC_GetPCLK2Freq  stm32f4xx_hal_rcc.o
    0x08001958   0x00000080   Code   RO         1043    i.HAL_RCC_GetSysClockFreq  stm32f4xx_hal_rcc.o
    0x080019d8   0x00000314   Code   RO         1046    i.HAL_RCC_OscConfig  stm32f4xx_hal_rcc.o
    0x08001cec   0x00000002   Code   RO         1490    i.HAL_SPI_ErrorCallback  stm32f4xx_hal_spi.o
    0x08001cee   0x00000094   Code   RO         1493    i.HAL_SPI_IRQHandler  stm32f4xx_hal_spi.o
    0x08001d82   0x00000090   Code   RO         1494    i.HAL_SPI_Init      stm32f4xx_hal_spi.o
    0x08001e12   0x00000002   PAD
    0x08001e14   0x0000005c   Code   RO         2973    i.HAL_SPI_MspInit   spi.o
    0x08001e70   0x00000002   Code   RO         1500    i.HAL_SPI_RxCpltCallback  stm32f4xx_hal_spi.o
    0x08001e72   0x00000002   PAD
    0x08001e74   0x000000c8   Code   RO         1505    i.HAL_SPI_TransmitReceive_IT  stm32f4xx_hal_spi.o
    0x08001f3c   0x00000002   Code   RO         1510    i.HAL_SPI_TxRxCpltCallback  stm32f4xx_hal_spi.o
    0x08001f3e   0x0000001c   Code   RO         1797    i.HAL_SYSTICK_CLKSourceConfig  stm32f4xx_hal_cortex.o
    0x08001f5a   0x00000002   Code   RO         1798    i.HAL_SYSTICK_Callback  stm32f4xx_hal_cortex.o
    0x08001f5c   0x00000028   Code   RO         1799    i.HAL_SYSTICK_Config  stm32f4xx_hal_cortex.o
    0x08001f84   0x00000008   Code   RO         1800    i.HAL_SYSTICK_IRQHandler  stm32f4xx_hal_cortex.o
    0x08001f8c   0x00000002   Code   RO         2028    i.HAL_TIMEx_BreakCallback  stm32f4xx_hal_tim_ex.o
    0x08001f8e   0x00000002   Code   RO         2029    i.HAL_TIMEx_CommutationCallback  stm32f4xx_hal_tim_ex.o
    0x08001f90   0x00000050   Code   RO         2045    i.HAL_TIMEx_MasterConfigSynchronization  stm32f4xx_hal_tim_ex.o
    0x08001fe0   0x00000038   Code   RO          394    i.HAL_TIM_Base_Init  stm32f4xx_hal_tim.o
    0x08002018   0x0000003c   Code   RO         2856    i.HAL_TIM_Base_MspInit  tim.o
    0x08002054   0x000000a2   Code   RO          412    i.HAL_TIM_Encoder_Init  stm32f4xx_hal_tim.o
    0x080020f6   0x00000002   PAD
    0x080020f8   0x00000078   Code   RO         2858    i.HAL_TIM_Encoder_MspInit  tim.o
    0x08002170   0x00000042   Code   RO          415    i.HAL_TIM_Encoder_Start  stm32f4xx_hal_tim.o
    0x080021b2   0x00000002   Code   RO          423    i.HAL_TIM_IC_CaptureCallback  stm32f4xx_hal_tim.o
    0x080021b4   0x0000016e   Code   RO          436    i.HAL_TIM_IRQHandler  stm32f4xx_hal_tim.o
    0x08002322   0x00000002   PAD
    0x08002324   0x00000034   Code   RO         2859    i.HAL_TIM_MspPostInit  tim.o
    0x08002358   0x00000002   Code   RO          439    i.HAL_TIM_OC_DelayElapsedCallback  stm32f4xx_hal_tim.o
    0x0800235a   0x000000da   Code   RO          460    i.HAL_TIM_PWM_ConfigChannel  stm32f4xx_hal_tim.o
    0x08002434   0x00000038   Code   RO          463    i.HAL_TIM_PWM_Init  stm32f4xx_hal_tim.o
    0x0800246c   0x00000028   Code   RO         2861    i.HAL_TIM_PWM_MspInit  tim.o
    0x08002494   0x00000002   Code   RO          466    i.HAL_TIM_PWM_PulseFinishedCallback  stm32f4xx_hal_tim.o
    0x08002496   0x00000002   PAD
    0x08002498   0x00000038   Code   RO          467    i.HAL_TIM_PWM_Start  stm32f4xx_hal_tim.o
    0x080024d0   0x00000002   Code   RO          473    i.HAL_TIM_PeriodElapsedCallback  stm32f4xx_hal_tim.o
    0x080024d2   0x00000002   Code   RO          477    i.HAL_TIM_TriggerCallback  stm32f4xx_hal_tim.o
    0x080024d4   0x00000002   Code   RO         2374    i.HAL_UART_ErrorCallback  stm32f4xx_hal_uart.o
    0x080024d6   0x000000de   Code   RO         2377    i.HAL_UART_IRQHandler  stm32f4xx_hal_uart.o
    0x080025b4   0x00000064   Code   RO         2378    i.HAL_UART_Init     stm32f4xx_hal_uart.o
    0x08002618   0x00000094   Code   RO         3015    i.HAL_UART_MspInit  usart.o
    0x080026ac   0x0000001c   Code   RO         3189    i.HAL_UART_RxCpltCallback  main.o
    0x080026c8   0x000000b4   Code   RO         2386    i.HAL_UART_Transmit  stm32f4xx_hal_uart.o
    0x0800277c   0x00000002   Code   RO         2389    i.HAL_UART_TxCpltCallback  stm32f4xx_hal_uart.o
    0x0800277e   0x00000002   PAD
    0x08002780   0x00000090   Code   RO         3268    i.MX_ADC1_Init      adc.o
    0x08002810   0x0000003c   Code   RO         2828    i.MX_DMA_Init       dma.o
    0x0800284c   0x00000134   Code   RO         3056    i.MX_GPIO_Init      gpio.o
    0x08002980   0x00000038   Code   RO         2974    i.MX_SPI3_Init      spi.o
    0x080029b8   0x00000050   Code   RO         2862    i.MX_TIM12_Init     tim.o
    0x08002a08   0x00000050   Code   RO         2863    i.MX_TIM3_Init      tim.o
    0x08002a58   0x0000004c   Code   RO         2864    i.MX_TIM4_Init      tim.o
    0x08002aa4   0x00000030   Code   RO         2865    i.MX_TIM6_Init      tim.o
    0x08002ad4   0x00000028   Code   RO         3016    i.MX_USART1_UART_Init  usart.o
    0x08002afc   0x00000190   Code   RO         3539    i.MotorDriver       motor.o
    0x08002c8c   0x00000034   Code   RO         3540    i.MotorEnd          motor.o
    0x08002cc0   0x00000104   Code   RO         3541    i.MotorFillStruct   motor.o
    0x08002dc4   0x00000050   Code   RO         3542    i.MotorFloat        motor.o
    0x08002e14   0x00000080   Code   RO         3543    i.MotorInit         motor.o
    0x08002e94   0x00000070   Code   RO         3544    i.MotorSetPWM       motor.o
    0x08002f04   0x00000068   Code   RO         3545    i.MotorSetPWMRaw    motor.o
    0x08002f6c   0x00000050   Code   RO         3546    i.MotorStop         motor.o
    0x08002fbc   0x0000001c   Code   RO         3547    i.MotorTruncVel     motor.o
    0x08002fd8   0x00000070   Code   RO         3548    i.MotorUpdate       motor.o
    0x08003048   0x00000016   Code   RO         3085    i.NVIC_ClearPendingIRQ  stm32f4xx_it.o
    0x0800305e   0x00000020   Code   RO         1801    i.NVIC_SetPriority  stm32f4xx_hal_cortex.o
    0x0800307e   0x00000002   PAD
    0x08003080   0x0000000c   Code   RO         3086    i.SPI3_IRQHandler   stm32f4xx_it.o
    0x0800308c   0x00000040   Code   RO         1512    i.SPI_2linesRxISR_16BIT  stm32f4xx_hal_spi.o
    0x080030cc   0x0000001e   Code   RO         1513    i.SPI_2linesRxISR_16BITCRC  stm32f4xx_hal_spi.o
    0x080030ea   0x00000002   PAD
    0x080030ec   0x00000040   Code   RO         1514    i.SPI_2linesRxISR_8BIT  stm32f4xx_hal_spi.o
    0x0800312c   0x00000028   Code   RO         1515    i.SPI_2linesRxISR_8BITCRC  stm32f4xx_hal_spi.o
    0x08003154   0x00000042   Code   RO         1516    i.SPI_2linesTxISR_16BIT  stm32f4xx_hal_spi.o
    0x08003196   0x00000040   Code   RO         1517    i.SPI_2linesTxISR_8BIT  stm32f4xx_hal_spi.o
    0x080031d6   0x00000024   Code   RO         1518    i.SPI_CheckFlag_BSY  stm32f4xx_hal_spi.o
    0x080031fa   0x0000007e   Code   RO         1520    i.SPI_CloseRxTx_ISR  stm32f4xx_hal_spi.o
    0x08003278   0x00000086   Code   RO         1536    i.SPI_WaitFlagStateUntilTimeout  stm32f4xx_hal_spi.o
    0x080032fe   0x00000002   PAD
    0x08003300   0x0000008c   Code   RO         3368    i.SpiRead           fxas21002c.o
    0x0800338c   0x0000005c   Code   RO         3369    i.SpiWrite          fxas21002c.o
    0x080033e8   0x0000000e   Code   RO         3087    i.SysTick_Handler   stm32f4xx_it.o
    0x080033f6   0x00000002   PAD
    0x080033f8   0x00000090   Code   RO         3190    i.SystemClock_Config  main.o
    0x08003488   0x00000054   Code   RO         3714    i.SystemInit        system_stm32f4xx.o
    0x080034dc   0x000000f0   Code   RO         3088    i.TIM6_DAC_IRQHandler  stm32f4xx_it.o
    0x080035cc   0x000000c4   Code   RO          478    i.TIM_Base_SetConfig  stm32f4xx_hal_tim.o
    0x08003690   0x00000016   Code   RO          479    i.TIM_CCxChannelCmd  stm32f4xx_hal_tim.o
    0x080036a6   0x00000002   PAD
    0x080036a8   0x00000060   Code   RO          487    i.TIM_OC1_SetConfig  stm32f4xx_hal_tim.o
    0x08003708   0x0000006c   Code   RO          488    i.TIM_OC2_SetConfig  stm32f4xx_hal_tim.o
    0x08003774   0x00000068   Code   RO          489    i.TIM_OC3_SetConfig  stm32f4xx_hal_tim.o
    0x080037dc   0x00000054   Code   RO          490    i.TIM_OC4_SetConfig  stm32f4xx_hal_tim.o
    0x08003830   0x0000001a   Code   RO         2396    i.UART_EndTransmit_IT  stm32f4xx_hal_uart.o
    0x0800384a   0x0000009c   Code   RO         2397    i.UART_Receive_IT   stm32f4xx_hal_uart.o
    0x080038e6   0x00000002   PAD
    0x080038e8   0x00000314   Code   RO         2398    i.UART_SetConfig    stm32f4xx_hal_uart.o
    0x08003bfc   0x00000066   Code   RO         2399    i.UART_Transmit_IT  stm32f4xx_hal_uart.o
    0x08003c62   0x000000ce   Code   RO         2400    i.UART_WaitOnFlagUntilTimeout  stm32f4xx_hal_uart.o
    0x08003d30   0x00000012   Code   RO         3434    i.UI_Init           ui.o
    0x08003d42   0x00000002   PAD
    0x08003d44   0x0000007c   Code   RO         3435    i.UI_InitBeep       ui.o
    0x08003dc0   0x00000004   Code   RO         3436    i.UI_InitLeds       ui.o
    0x08003dc4   0x00000038   Code   RO         3437    i.UI_LedOff         ui.o
    0x08003dfc   0x0000000c   Code   RO         3089    i.USART1_IRQHandler  stm32f4xx_it.o
    0x08003e08   0x00000020   Code   RO         3797    i.__0printf$1       mc_w.l(printf1.o)
    0x08003e28   0x00000022   Code   RO         3439    i.__fputc_          ui.o
    0x08003e4a   0x0000000e   Code   RO         4067    i.__scatterload_copy  mc_w.l(handlers.o)
    0x08003e58   0x00000002   Code   RO         4068    i.__scatterload_null  mc_w.l(handlers.o)
    0x08003e5a   0x0000000e   Code   RO         4069    i.__scatterload_zeroinit  mc_w.l(handlers.o)
    0x08003e68   0x00000090   Code   RO         3440    i.__vfprintf_       ui.o
    0x08003ef8   0x00000154   Code   RO         3804    i._printf_core      mc_w.l(printf1.o)
    0x0800404c   0x00000012   Code   RO         3677    i.ctz               gpio_r.o
    0x0800405e   0x00000002   PAD
    0x08004060   0x00000018   Code   RO         3441    i.fputc             ui.o
    0x08004078   0x0000000c   Code   RO         3552    i.getEncL           motor.o
    0x08004084   0x0000000c   Code   RO         3553    i.getEncR           motor.o
    0x08004090   0x0000007a   Code   RO         3679    i.gpio_pin_cfg      gpio_r.o
    0x0800410a   0x0000004c   Code   RO         3442    i.itoa              ui.o
    0x08004156   0x00000074   Code   RO         3192    i.main              main.o
    0x080041ca   0x00000002   PAD
    0x080041cc   0x00000028   Code   RO         3554    i.mmToTicks         motor.o
    0x080041f4   0x00000018   Code   RO         3443    i.printf_           ui.o
    0x0800420c   0x00000010   Code   RO         3555    i.sgn               motor.o
    0x0800421c   0x00000016   Code   RO         3444    i.strrev            ui.o
    0x08004232   0x00000002   PAD
    0x08004234   0x00000014   Code   RO         3445    i.usart_put_char    ui.o
    0x08004248   0x00000010   Data   RO         1047    .constdata          stm32f4xx_hal_rcc.o
    0x08004258   0x00000008   Data   RO         1267    .constdata          stm32f4xx_hal_dma.o
    0x08004260   0x00000020   Data   RO         4065    Region$$Table       anon$$obj.o


    Execution Region RW_IRAM1 (Base: 0x20000000, Size: 0x00000748, Max: 0x00020000, ABSOLUTE)

    Base Addr    Size         Type   Attr      Idx    E Section Name        Object

    0x20000000   0x00000004   Data   RW         1360    .data               stm32f4xx_hal.o
    0x20000004   0x00000001   Data   RW         3090    .data               stm32f4xx_it.o
    0x20000005   0x00000001   Data   RW         3194    .data               main.o
    0x20000006   0x00000002   PAD
    0x20000008   0x00000004   Data   RW         3314    .data               sensor.o
    0x2000000c   0x00000018   Data   RW         3370    .data               fxas21002c.o
    0x20000024   0x00000008   Data   RW         3446    .data               ui.o
    0x2000002c   0x00000004   Data   RW         3557    .data               motor.o
    0x20000030   0x00000004   Data   RW         3716    .data               system_stm32f4xx.o
    0x20000034   0x00000004   Data   RW         4043    .data               mc_w.l(stdout.o)
    0x20000038   0x000000f0   Zero   RW         2866    .bss                tim.o
    0x20000128   0x00000058   Zero   RW         2975    .bss                spi.o
    0x20000180   0x00000098   Zero   RW         3017    .bss                usart.o
    0x20000218   0x000000a0   Zero   RW         3269    .bss                adc.o
    0x200002b8   0x00000024   Zero   RW         3313    .bss                sensor.o
    0x200002dc   0x00000068   Zero   RW         3556    .bss                motor.o
    0x20000344   0x00000004   PAD
    0x20000348   0x00000400   Zero   RW            1    STACK               startup_stm32f405xx.o


==============================================================================

Image component sizes


      Code (inc. data)   RO Data    RW Data    ZI Data      Debug   Object Name

       304         36          0          0        160       1783   adc.o
        60          4          0          0          0        738   dma.o
       432         50          0         24          0       4840   fxas21002c.o
       308         26          0          0          0       1003   gpio.o
       140          0          0          0          0       1957   gpio_r.o
       288         14          0          1          0      14656   main.o
      1622        232          0          4        104      11272   motor.o
       124         40          0          4         36       2208   sensor.o
       148         22          0          0         88       1505   spi.o
        36          8        392          0       1024        828   startup_stm32f405xx.o
       136         16          0          4          0       4123   stm32f4xx_hal.o
      1378         56          0          0          0       8584   stm32f4xx_hal_adc.o
       472         10          0          0          0       1370   stm32f4xx_hal_adc_ex.o
       232         14          0          0          0      32149   stm32f4xx_hal_cortex.o
       736         18          8          0          0       4567   stm32f4xx_hal_dma.o
       504         54          0          0          0     381688   stm32f4xx_hal_gpio.o
        68          0          0          0          0        506   stm32f4xx_hal_msp.o
      1424         64         16          0          0       6387   stm32f4xx_hal_rcc.o
      1122         26          0          0          0      10637   stm32f4xx_hal_spi.o
      1600         88          0          0          0      13517   stm32f4xx_hal_tim.o
        84          0          0          0          0       2342   stm32f4xx_hal_tim_ex.o
      1784          8          0          0          0       8201   stm32f4xx_hal_uart.o
       494        112          0          1          0      32984   stm32f4xx_it.o
        84         18          0          4          0       1309   system_stm32f4xx.o
       556         84          0          0        240       5137   tim.o
       546         30          0          8          0       8655   ui.o
       188         30          0          0        152       1641   usart.o

    ----------------------------------------------------------------------
     14910       1060        448         52       1808     564587   Object Totals
         0          0         32          0          0          0   (incl. Generated)
        40          0          0          2          4          0   (incl. Padding)

    ----------------------------------------------------------------------

      Code (inc. data)   RO Data    RW Data    ZI Data      Debug   Library Member Name

         0          0          0          0          0          0   entry.o
         0          0          0          0          0          0   entry10a.o
         0          0          0          0          0          0   entry11a.o
         8          4          0          0          0          0   entry2.o
         4          0          0          0          0          0   entry5.o
         0          0          0          0          0          0   entry7b.o
         0          0          0          0          0          0   entry8b.o
         8          4          0          0          0          0   entry9a.o
        30          0          0          0          0          0   handlers.o
        36          8          0          0          0         68   init.o
         0          0          0          0          0          0   iusefp.o
        30          0          0          0          0         68   llshl.o
        36          0          0          0          0         68   llsshr.o
        32          0          0          0          0         68   llushr.o
       372         14          0          0          0        184   printf1.o
         0          0          0          4          0          0   stdout.o
        44          0          0          0          0         80   uidiv.o
       334          0          0          0          0        148   dadd.o
       222          0          0          0          0        100   ddiv.o
       186          0          0          0          0        176   depilogue.o
        62          0          0          0          0         80   dfixi.o
        34          0          0          0          0         76   dflti.o
       228          0          0          0          0         96   dmul.o

    ----------------------------------------------------------------------
      1666         30          0          4          0       1212   Library Totals
         0          0          0          0          0          0   (incl. Padding)

    ----------------------------------------------------------------------

      Code (inc. data)   RO Data    RW Data    ZI Data      Debug   Library Name

       600         30          0          4          0        536   mc_w.l
      1066          0          0          0          0        676   mf_w.l

    ----------------------------------------------------------------------
      1666         30          0          4          0       1212   Library Totals

    ----------------------------------------------------------------------

==============================================================================


      Code (inc. data)   RO Data    RW Data    ZI Data      Debug   

     16576       1090        448         56       1808     550531   Grand Totals
     16576       1090        448         56       1808     550531   ELF Image Totals
     16576       1090        448         56          0          0   ROM Totals

==============================================================================

    Total RO  Size (Code + RO Data)                17024 (  16.63kB)
    Total RW  Size (RW Data + ZI Data)              1864 (   1.82kB)
    Total ROM Size (Code + RO Data + RW Data)      17080 (  16.68kB)

==============================================================================

